Component: ARM Compiler 5.06 update 6 (build 750) Tool: armlink [4d35ed]

==============================================================================

Section Cross References

    startup_stm32f407xx.o(RESET) refers to startup_stm32f407xx.o(STACK) for __initial_sp
    startup_stm32f407xx.o(RESET) refers to startup_stm32f407xx.o(.text) for Reset_Handler
    startup_stm32f407xx.o(RESET) refers to stm32f4xx_it.o(i.NMI_Handler) for NMI_Handler
    startup_stm32f407xx.o(RESET) refers to stm32f4xx_it.o(i.HardFault_Handler) for HardFault_Handler
    startup_stm32f407xx.o(RESET) refers to stm32f4xx_it.o(i.MemManage_Handler) for MemManage_Handler
    startup_stm32f407xx.o(RESET) refers to stm32f4xx_it.o(i.BusFault_Handler) for BusFault_Handler
    startup_stm32f407xx.o(RESET) refers to stm32f4xx_it.o(i.UsageFault_Handler) for UsageFault_Handler
    startup_stm32f407xx.o(RESET) refers to port.o(.emb_text) for SVC_Handler
    startup_stm32f407xx.o(RESET) refers to stm32f4xx_it.o(i.DebugMon_Handler) for DebugMon_Handler
    startup_stm32f407xx.o(RESET) refers to cmsis_os2.o(i.SysTick_Handler) for SysTick_Handler
    startup_stm32f407xx.o(RESET) refers to stm32f4xx_it.o(i.DMA1_Stream3_IRQHandler) for DMA1_Stream3_IRQHandler
    startup_stm32f407xx.o(RESET) refers to stm32f4xx_it.o(i.DMA1_Stream5_IRQHandler) for DMA1_Stream5_IRQHandler
    startup_stm32f407xx.o(RESET) refers to stm32f4xx_it.o(i.USART1_IRQHandler) for USART1_IRQHandler
    startup_stm32f407xx.o(RESET) refers to stm32f4xx_it.o(i.TIM6_DAC_IRQHandler) for TIM6_DAC_IRQHandler
    startup_stm32f407xx.o(.text) refers to system_stm32f4xx.o(i.SystemInit) for SystemInit
    startup_stm32f407xx.o(.text) refers to entry.o(.ARM.Collect$$$$00000000) for __main
    main.o(i.HAL_TIM_PeriodElapsedCallback) refers to stm32f4xx_hal.o(i.HAL_IncTick) for HAL_IncTick
    main.o(i.PeriphCommonClock_Config) refers to stm32f4xx_hal_rcc_ex.o(i.HAL_RCCEx_PeriphCLKConfig) for HAL_RCCEx_PeriphCLKConfig
    main.o(i.SystemClock_Config) refers to memseta.o(.text) for __aeabi_memclr4
    main.o(i.SystemClock_Config) refers to stm32f4xx_hal_rcc.o(i.HAL_RCC_OscConfig) for HAL_RCC_OscConfig
    main.o(i.SystemClock_Config) refers to stm32f4xx_hal_rcc.o(i.HAL_RCC_ClockConfig) for HAL_RCC_ClockConfig
    main.o(i.main) refers to stm32f4xx_hal.o(i.HAL_Init) for HAL_Init
    main.o(i.main) refers to main.o(i.SystemClock_Config) for SystemClock_Config
    main.o(i.main) refers to main.o(i.PeriphCommonClock_Config) for PeriphCommonClock_Config
    main.o(i.main) refers to gpio.o(i.MX_GPIO_Init) for MX_GPIO_Init
    main.o(i.main) refers to dma.o(i.MX_DMA_Init) for MX_DMA_Init
    main.o(i.main) refers to i2s.o(i.MX_I2S2_Init) for MX_I2S2_Init
    main.o(i.main) refers to i2s.o(i.MX_I2S3_Init) for MX_I2S3_Init
    main.o(i.main) refers to usart.o(i.MX_USART1_UART_Init) for MX_USART1_UART_Init
    main.o(i.main) refers to spi.o(i.MX_SPI1_Init) for MX_SPI1_Init
    main.o(i.main) refers to cmsis_os2.o(i.osKernelInitialize) for osKernelInitialize
    main.o(i.main) refers to freertos.o(i.MX_FREERTOS_Init) for MX_FREERTOS_Init
    main.o(i.main) refers to cmsis_os2.o(i.osKernelStart) for osKernelStart
    gpio.o(i.MX_GPIO_Init) refers to memseta.o(.text) for __aeabi_memclr4
    gpio.o(i.MX_GPIO_Init) refers to stm32f4xx_hal_gpio.o(i.HAL_GPIO_WritePin) for HAL_GPIO_WritePin
    gpio.o(i.MX_GPIO_Init) refers to stm32f4xx_hal_gpio.o(i.HAL_GPIO_Init) for HAL_GPIO_Init
    freertos.o(i.MX_FREERTOS_Init) refers to cmsis_os2.o(i.osThreadNew) for osThreadNew
    freertos.o(i.MX_FREERTOS_Init) refers to user_tasksinit.o(i.User_Tasks_Init) for User_Tasks_Init
    freertos.o(i.MX_FREERTOS_Init) refers to freertos.o(.constdata) for .constdata
    freertos.o(i.MX_FREERTOS_Init) refers to freertos.o(i.StartDefaultTask) for StartDefaultTask
    freertos.o(i.MX_FREERTOS_Init) refers to freertos.o(.data) for .data
    freertos.o(i.StartDefaultTask) refers to cmsis_os2.o(i.osDelay) for osDelay
    freertos.o(.constdata) refers to freertos.o(.conststring) for .conststring
    dma.o(i.MX_DMA_Init) refers to stm32f4xx_hal_cortex.o(i.HAL_NVIC_SetPriority) for HAL_NVIC_SetPriority
    dma.o(i.MX_DMA_Init) refers to stm32f4xx_hal_cortex.o(i.HAL_NVIC_EnableIRQ) for HAL_NVIC_EnableIRQ
    i2s.o(i.HAL_I2S_MspDeInit) refers to stm32f4xx_hal_gpio.o(i.HAL_GPIO_DeInit) for HAL_GPIO_DeInit
    i2s.o(i.HAL_I2S_MspDeInit) refers to stm32f4xx_hal_dma.o(i.HAL_DMA_DeInit) for HAL_DMA_DeInit
    i2s.o(i.HAL_I2S_MspInit) refers to memseta.o(.text) for __aeabi_memclr4
    i2s.o(i.HAL_I2S_MspInit) refers to stm32f4xx_hal_gpio.o(i.HAL_GPIO_Init) for HAL_GPIO_Init
    i2s.o(i.HAL_I2S_MspInit) refers to stm32f4xx_hal_dma.o(i.HAL_DMA_Init) for HAL_DMA_Init
    i2s.o(i.HAL_I2S_MspInit) refers to main.o(i.Error_Handler) for Error_Handler
    i2s.o(i.HAL_I2S_MspInit) refers to i2s.o(.bss) for .bss
    i2s.o(i.MX_I2S2_Init) refers to stm32f4xx_hal_i2s.o(i.HAL_I2S_Init) for HAL_I2S_Init
[...]
    0x080048a4   0x080048a4   0x00000040   Code   RO          313    i.MX_I2S2_Init      i2s.o
    0x080048e4   0x080048e4   0x0000003c   Code   RO          314    i.MX_I2S3_Init      i2s.o
    0x08004920   0x08004920   0x00000044   Code   RO          361    i.MX_SPI1_Init      spi.o
    0x08004964   0x08004964   0x00000038   Code   RO          403    i.MX_USART1_UART_Init  usart.o
    0x0800499c   0x0800499c   0x00000054   Code   RO         6479    i.MelFilterbank     mel_filterbank.o
    0x080049f0   0x080049f0   0x000001c2   Code   RO         6480    i.MelFilterbank_Init  mel_filterbank.o
    0x08004bb2   0x08004bb2   0x00000002   PAD
    0x08004bb4   0x08004bb4   0x0000008c   Code   RO         6481    i.MelScale          mel_filterbank.o
    0x08004c40   0x08004c40   0x00000002   Code   RO          448    i.MemManage_Handler  stm32f4xx_it.o
    0x08004c42   0x08004c42   0x00000002   Code   RO          449    i.NMI_Handler       stm32f4xx_it.o
    0x08004c44   0x08004c44   0x00000026   Code   RO          659    i.OLED_Clear        oled.o
    0x08004c6a   0x08004c6a   0x00000002   PAD
    0x08004c6c   0x08004c6c   0x00000058   Code   RO          660    i.OLED_I2C_Init     oled.o
    0x08004cc4   0x08004cc4   0x0000005c   Code   RO          661    i.OLED_I2C_SendByte  oled.o
    0x08004d20   0x08004d20   0x00000034   Code   RO          662    i.OLED_I2C_Start    oled.o
    0x08004d54   0x08004d54   0x0000002c   Code   RO          663    i.OLED_I2C_Stop     oled.o
    0x08004d80   0x08004d80   0x0000009e   Code   RO          664    i.OLED_Init         oled.o
    0x08004e1e   0x08004e1e   0x00000022   Code   RO          666    i.OLED_SetCursor    oled.o
    0x08004e40   0x08004e40   0x00000068   Code   RO          668    i.OLED_ShowChar     oled.o
    0x08004ea8   0x08004ea8   0x00000026   Code   RO          672    i.OLED_ShowString   oled.o
    0x08004ece   0x08004ece   0x00000022   Code   RO          673    i.OLED_WriteCommand  oled.o
    0x08004ef0   0x08004ef0   0x00000022   Code   RO          674    i.OLED_WriteData    oled.o
    0x08004f12   0x08004f12   0x00000002   PAD
    0x08004f14   0x08004f14   0x00000168   Code   RO         1183    i.OledDisplayTask   user_oleddisplaytask.o
    0x0800507c   0x0800507c   0x00000022   Code   RO           15    i.PeriphCommonClock_Config  main.o
    0x0800509e   0x0800509e   0x0000005c   Code   RO         3689    i.SPI_EndRxTransaction  stm32f4xx_hal_spi.o
    0x080050fa   0x080050fa   0x00000002   PAD
    0x080050fc   0x080050fc   0x0000006c   Code   RO         3690    i.SPI_EndRxTxTransaction  stm32f4xx_hal_spi.o
    0x08005168   0x08005168   0x000000bc   Code   RO         3695    i.SPI_WaitFlagStateUntilTimeout  stm32f4xx_hal_spi.o
    0x08005224   0x08005224   0x000000a4   Code   RO         1184    i.Screen_MainFull   user_oleddisplaytask.o
    0x080052c8   0x080052c8   0x00000028   Code   RO         1213    i.SpeakerTask       user_speakertask.o
    0x080052f0   0x080052f0   0x0000002c   Code   RO          775    i.Speaker_Init      speaker.o
    0x0800531c   0x0800531c   0x0000001c   Code   RO          776    i.Speaker_PlayFromFlash  speaker.o
    0x08005338   0x08005338   0x00000090   Code   RO          777    i.Speaker_StreamPlay  speaker.o
    0x080053c8   0x080053c8   0x000000b0   Code   RO         6213    i.SpectrogramColumn  feature_extraction.o
    0x08005478   0x08005478   0x00000008   Code   RO          242    i.StartDefaultTask  freertos.o
    0x08005480   0x08005480   0x0000001a   Code   RO         5462    i.SysTick_Handler   cmsis_os2.o
    0x0800549a   0x0800549a   0x00000002   PAD
    0x0800549c   0x0800549c   0x00000098   Code   RO           16    i.SystemClock_Config  main.o
    0x08005534   0x08005534   0x00000010   Code   RO         4327    i.SystemInit        system_stm32f4xx.o
    0x08005544   0x08005544   0x0000000c   Code   RO          450    i.TIM6_DAC_IRQHandler  stm32f4xx_it.o
    0x08005550   0x08005550   0x000000d0   Code   RO         1350    i.TIM_Base_SetConfig  stm32f4xx_hal_tim.o
    0x08005620   0x08005620   0x0000000e   Code   RO         4006    i.UART_DMAAbortOnError  stm32f4xx_hal_uart.o
    0x0800562e   0x0800562e   0x0000004e   Code   RO         4016    i.UART_EndRxTransfer  stm32f4xx_hal_uart.o
    0x0800567c   0x0800567c   0x000000c2   Code   RO         4018    i.UART_Receive_IT   stm32f4xx_hal_uart.o
    0x0800573e   0x0800573e   0x00000002   PAD
    0x08005740   0x08005740   0x0000010c   Code   RO         4019    i.UART_SetConfig    stm32f4xx_hal_uart.o
    0x0800584c   0x0800584c   0x00000038   Code   RO          846    i.UART_StartReceiveIT  uart_cli.o
    0x08005884   0x08005884   0x00000036   Code   RO         4021    i.UART_Start_Receive_IT  stm32f4xx_hal_uart.o
    0x080058ba   0x080058ba   0x00000072   Code   RO         4022    i.UART_WaitOnFlagUntilTimeout  stm32f4xx_hal_uart.o
    0x0800592c   0x0800592c   0x0000000c   Code   RO          451    i.USART1_IRQHandler  stm32f4xx_it.o
    0x08005938   0x08005938   0x000000f4   Code   RO         1228    i.UartCliTask       user_usartclitask.o
    0x08005a2c   0x08005a2c   0x00000002   Code   RO          452    i.UsageFault_Handler  stm32f4xx_it.o
    0x08005a2e   0x08005a2e   0x00000002   PAD
    0x08005a30   0x08005a30   0x000000e8   Code   RO         1149    i.User_Tasks_Init   user_tasksinit.o
    0x08005b18   0x08005b18   0x0000002c   Code   RO          972    i.W25Q_Init         w25qxx.o
    0x08005b44   0x08005b44   0x00000078   Code   RO          973    i.W25Q_PageProgram  w25qxx.o
    0x08005bbc   0x08005bbc   0x00000060   Code   RO          974    i.W25Q_Read         w25qxx.o
    0x08005c1c   0x08005c1c   0x0000004c   Code   RO          975    i.W25Q_ReadID       w25qxx.o
    0x08005c68   0x08005c68   0x0000001c   Code   RO          976    i.W25Q_SPI_TransmitReceive  w25qxx.o
    0x08005c84   0x08005c84   0x00000058   Code   RO          977    i.W25Q_SectorErase  w25qxx.o
    0x08005cdc   0x08005cdc   0x00000040   Code   RO          978    i.W25Q_WaitBusy     w25qxx.o
    0x08005d1c   0x08005d1c   0x0000003c   Code   RO          979    i.W25Q_WriteEnable  w25qxx.o
    0x08005d58   0x08005d58   0x00000078   Code   RO         6518    i.Window_Init       window.o
    0x08005dd0   0x08005dd0   0x00000020   Code   RO         9533    i.__0printf         mc_w.l(printfa.o)
    0x08005df0   0x08005df0   0x00000030   Code   RO         9534    i.__0snprintf       mc_w.l(printfa.o)
    0x08005e20   0x08005e20   0x00000030   Code   RO         9754    i.__ARM_fpclassify  m_wm.l(fpclassify.o)
    0x08005e50   0x08005e50   0x00000026   Code   RO         9628    i.__ARM_fpclassifyf  m_wm.l(fpclassifyf.o)
    0x08005e76   0x08005e76   0x00000020   Code   RO         2988    i.__NVIC_SetPriority  stm32f4xx_hal_cortex.o
    0x08005e96   0x08005e96   0x00000002   PAD
    0x08005e98   0x08005e98   0x00000008   Code   RO         9718    i.__aeabi_errno_addr  mc_w.l(errno.o)
    0x08005ea0   0x08005ea0   0x00000134   Code   RO         8565    i.__ai_math_dot_array  NetworkRuntime1020_CM4_Keil.lib(lite_dense_if32.o)
    0x08005fd4   0x08005fd4   0x00000004   PAD
    0x08005fd8   0x08005fd8   0x000000c8   Code   RO         9077    i.__hardfp_cos      m_wm.l(cos.o)
    0x080060a0   0x080060a0   0x000001e8   Code   RO         9125    i.__hardfp_expf     m_wm.l(expf.o)
    0x08006288   0x08006288   0x00000180   Code   RO         9157    i.__hardfp_log10f   m_wm.l(log10f.o)
    0x08006408   0x08006408   0x0000016c   Code   RO         9171    i.__hardfp_logf     m_wm.l(logf.o)
    0x08006574   0x08006574   0x00000004   PAD
    0x08006578   0x08006578   0x00000438   Code   RO         9651    i.__ieee754_rem_pio2  m_wm.l(rred.o)
    0x080069b0   0x080069b0   0x00000170   Code   RO         9611    i.__kernel_cos      m_wm.l(cos_i.o)
    0x08006b20   0x08006b20   0x000000f8   Code   RO         9756    i.__kernel_poly     m_wm.l(poly.o)
    0x08006c18   0x08006c18   0x00000130   Code   RO         9659    i.__kernel_sin      m_wm.l(sin_i.o)
    0x08006d48   0x08006d48   0x00000014   Code   RO         9615    i.__mathlib_dbl_infnan  m_wm.l(dunder.o)
    0x08006d5c   0x08006d5c   0x00000004   PAD
    0x08006d60   0x08006d60   0x00000020   Code   RO         9617    i.__mathlib_dbl_invalid  m_wm.l(dunder.o)
    0x08006d80   0x08006d80   0x00000020   Code   RO         9620    i.__mathlib_dbl_underflow  m_wm.l(dunder.o)
    0x08006da0   0x08006da0   0x00000014   Code   RO         9630    i.__mathlib_flt_divzero  m_wm.l(funder.o)
    0x08006db4   0x08006db4   0x00000006   Code   RO         9631    i.__mathlib_flt_infnan  m_wm.l(funder.o)
    0x08006dba   0x08006dba   0x00000002   PAD
    0x08006dbc   0x08006dbc   0x00000010   Code   RO         9633    i.__mathlib_flt_invalid  m_wm.l(funder.o)
    0x08006dcc   0x08006dcc   0x00000010   Code   RO         9634    i.__mathlib_flt_overflow  m_wm.l(funder.o)
    0x08006ddc   0x08006ddc   0x00000010   Code   RO         9636    i.__mathlib_flt_underflow  m_wm.l(funder.o)
    0x08006dec   0x08006dec   0x0000000e   Code   RO         9768    i.__scatterload_copy  mc_w.l(handlers.o)
    0x08006dfa   0x08006dfa   0x00000002   Code   RO         9769    i.__scatterload_null  mc_w.l(handlers.o)
    0x08006dfc   0x08006dfc   0x0000000e   Code   RO         9770    i.__scatterload_zeroinit  mc_w.l(handlers.o)
    0x08006e0a   0x08006e0a   0x00000002   PAD
    0x08006e0c   0x08006e0c   0x0000000c   Code   RO         9720    i.__set_errno       mc_w.l(errno.o)
    0x08006e18   0x08006e18   0x00000012   Code   RO         8413    i._ai_forward_layer  NetworkRuntime1020_CM4_Keil.lib(layers.o)
    0x08006e2a   0x08006e2a   0x00000002   PAD
    0x08006e2c   0x08006e2c   0x000000e0   Code   RO         7232    i._ai_platform_get_io_buffers_info  NetworkRuntime1020_CM4_Keil.lib(ai_platform_interface.o)
    0x08006f0c   0x08006f0c   0x00000078   Code   RO         8485    i._final_pooling_buffer_reorder  NetworkRuntime1020_CM4_Keil.lib(forward_lite_conv2d_if32of32wf32.o)
    0x08006f84   0x08006f84   0x00000038   Code   RO         7440    i._forward_lite_nl_relu_thresholded_if32of32  NetworkRuntime1020_CM4_Keil.lib(layers_nl_generic_float.o)
    0x08006fbc   0x08006fbc   0x00000184   Code   RO         9540    i._fp_digits        mc_w.l(printfa.o)
    0x08007140   0x08007140   0x00000020   Code   RO         8317    i._get_lut_size     NetworkRuntime1020_CM4_Keil.lib(ai_datatypes_format.o)
    0x08007160   0x08007160   0x0000012c   Code   RO         8566    i._lite_dict4_dot_array_f32  NetworkRuntime1020_CM4_Keil.lib(lite_dense_if32.o)
    0x0800728c   0x0800728c   0x000000e8   Code   RO         8567    i._lite_dict8_dot_array_f32  NetworkRuntime1020_CM4_Keil.lib(lite_dense_if32.o)
    0x08007374   0x08007374   0x0000004c   Code   RO         7233    i._platform_ai_buffer_array_copy  NetworkRuntime1020_CM4_Keil.lib(ai_platform_interface.o)
    0x080073c0   0x080073c0   0x00000050   Code   RO         7234    i._platform_get_table_map_from_buffer  NetworkRuntime1020_CM4_Keil.lib(ai_platform_interface.o)
    0x08007410   0x08007410   0x00000044   Code   RO         7235    i._platform_get_table_map_from_buffer_array  NetworkRuntime1020_CM4_Keil.lib(ai_platform_interface.o)
    0x08007454   0x08007454   0x00000014   Code   RO         7236    i._platform_network_buffers_signature_valid  NetworkRuntime1020_CM4_Keil.lib(ai_platform_interface.o)
    0x08007468   0x08007468   0x00000210   Code   RO         7237    i._platform_network_io_bind  NetworkRuntime1020_CM4_Keil.lib(ai_platform_interface.o)
    0x08007678   0x08007678   0x0000003e   Code   RO         7238    i._platform_network_state_setup  NetworkRuntime1020_CM4_Keil.lib(ai_platform_interface.o)
    0x080076b6   0x080076b6   0x00000068   Code   RO         7239    i._platform_network_state_update_input  NetworkRuntime1020_CM4_Keil.lib(ai_platform_interface.o)
    0x0800771e   0x0800771e   0x0000007c   Code   RO         7240    i._platform_network_state_update_output  NetworkRuntime1020_CM4_Keil.lib(ai_platform_interface.o)
    0x0800779a   0x0800779a   0x00000002   PAD
    0x0800779c   0x0800779c   0x000006dc   Code   RO         9541    i._printf_core      mc_w.l(printfa.o)
    0x08007e78   0x08007e78   0x00000024   Code   RO         9542    i._printf_post_padding  mc_w.l(printfa.o)
    0x08007e9c   0x08007e9c   0x0000002e   Code   RO         9543    i._printf_pre_padding  mc_w.l(printfa.o)
    0x08007eca   0x08007eca   0x00000016   Code   RO         9544    i._snputc           mc_w.l(printfa.o)
    0x08007ee0   0x08007ee0   0x00000028   Code   RO         8322    i.ai_array_get_byte_size  NetworkRuntime1020_CM4_Keil.lib(ai_datatypes_format.o)
    0x08007f08   0x08007f08   0x0000001e   Code   RO         8323    i.ai_array_get_data_byte_size  NetworkRuntime1020_CM4_Keil.lib(ai_datatypes_format.o)
    0x08007f26   0x08007f26   0x00000002   PAD
    0x08007f28   0x08007f28   0x0000012c   Code   RO         8325    i.ai_array_to_buffer_fmt  NetworkRuntime1020_CM4_Keil.lib(ai_datatypes_format.o)
    0x08008054   0x08008054   0x00000024   Code   RO         7218    i.ai_buffer_array_item_set_address  NetworkRuntime1020_CM4_Keil.lib(ai_platform.o)
    0x08008078   0x08008078   0x00000012   Code   RO         7219    i.ai_buffer_array_sane  NetworkRuntime1020_CM4_Keil.lib(ai_platform.o)
    0x0800808a   0x0800808a   0x00000002   PAD
    0x0800808c   0x0800808c   0x00000068   Code   RO         7221    i.ai_buffer_get_size  NetworkRuntime1020_CM4_Keil.lib(ai_platform.o)
    0x080080f4   0x080080f4   0x0000002c   Code   RO         8415    i.ai_check_custom_types  NetworkRuntime1020_CM4_Keil.lib(layers.o)
    0x08008120   0x08008120   0x00000050   Code   RO         8419    i.ai_layers_forward_all  NetworkRuntime1020_CM4_Keil.lib(layers.o)
    0x08008170   0x08008170   0x0000001e   Code   RO         8420    i.ai_layers_init_all  NetworkRuntime1020_CM4_Keil.lib(layers.o)
    0x0800818e   0x0800818e   0x00000036   Code   RO         8421    i.ai_layers_post_init_all  NetworkRuntime1020_CM4_Keil.lib(layers.o)
    0x080081c4   0x080081c4   0x0000001e   Code   RO         7916    i.ai_mul_buffer_f32  NetworkRuntime1020_CM4_Keil.lib(ai_math_helpers.o)
    0x080081e2   0x080081e2   0x00000012   Code   RO         7923    i.ai_mul_f32        NetworkRuntime1020_CM4_Keil.lib(ai_math_helpers.o)
    0x080081f4   0x080081f4   0x00000018   Code   RO         6545    i.ai_network_create  network.o
    0x0800820c   0x0800820c   0x00000088   Code   RO         6546    i.ai_network_create_and_init  network.o
    0x08008294   0x08008294   0x00000028   Code   RO         7145    i.ai_network_data_params_get  network_data.o
    0x080082bc   0x080082bc   0x00000004   Code   RO         6549    i.ai_network_get_error  network.o
    0x080082c0   0x080082c0   0x00000030   Code   RO         6552    i.ai_network_init   network.o
    0x080082f0   0x080082f0   0x00000014   Code   RO         6553    i.ai_network_inputs_get  network.o
    0x08008304   0x08008304   0x00000014   Code   RO         6554    i.ai_network_outputs_get  network.o
    0x08008318   0x08008318   0x00000004   Code   RO         6555    i.ai_network_run    network.o
    0x0800831c   0x0800831c   0x0000002c   Code   RO         7244    i.ai_platform_bind_network_params  NetworkRuntime1020_CM4_Keil.lib(ai_platform_interface.o)
    0x08008348   0x08008348   0x00000014   Code   RO         7245    i.ai_platform_context_acquire  NetworkRuntime1020_CM4_Keil.lib(ai_platform_interface.o)
    0x0800835c   0x0800835c   0x0000002c   Code   RO         7247    i.ai_platform_get_activations_map  NetworkRuntime1020_CM4_Keil.lib(ai_platform_interface.o)
    0x08008388   0x08008388   0x00000028   Code   RO         7248    i.ai_platform_get_weights_map  NetworkRuntime1020_CM4_Keil.lib(ai_platform_interface.o)
    0x080083b0   0x080083b0   0x00000042   Code   RO         7249    i.ai_platform_inputs_get  NetworkRuntime1020_CM4_Keil.lib(ai_platform_interface.o)
    0x080083f2   0x080083f2   0x00000002   PAD
    0x080083f4   0x080083f4   0x0000009c   Code   RO         7251    i.ai_platform_network_create  NetworkRuntime1020_CM4_Keil.lib(ai_platform_interface.o)
    0x08008490   0x08008490   0x0000001c   Code   RO         7253    i.ai_platform_network_get_error  NetworkRuntime1020_CM4_Keil.lib(ai_platform_interface.o)
    0x080084ac   0x080084ac   0x00000118   Code   RO         7254    i.ai_platform_network_init  NetworkRuntime1020_CM4_Keil.lib(ai_platform_interface.o)
    0x080085c4   0x080085c4   0x00000050   Code   RO         7255    i.ai_platform_network_post_init  NetworkRuntime1020_CM4_Keil.lib(ai_platform_interface.o)
    0x08008614   0x08008614   0x00000054   Code   RO         7256    i.ai_platform_network_process  NetworkRuntime1020_CM4_Keil.lib(ai_platform_interface.o)
    0x08008668   0x08008668   0x0000000c   Code   RO         7257    i.ai_platform_network_set_error  NetworkRuntime1020_CM4_Keil.lib(ai_platform_interface.o)
    0x08008674   0x08008674   0x00000048   Code   RO         7263    i.ai_platform_outputs_get  NetworkRuntime1020_CM4_Keil.lib(ai_platform_interface.o)
    0x080086bc   0x080086bc   0x0000001a   Code   RO         7349    i.ai_shape_get_size  NetworkRuntime1020_CM4_Keil.lib(layers_generic_float.o)
    0x080086d6   0x080086d6   0x0000001a   Code   RO         7441    i.ai_shape_get_size  NetworkRuntime1020_CM4_Keil.lib(layers_nl_generic_float.o)
    0x080086f0   0x080086f0   0x0000001e   Code   RO         7956    i.ai_sub_buffer_f32  NetworkRuntime1020_CM4_Keil.lib(ai_math_helpers.o)
    0x0800870e   0x0800870e   0x00000012   Code   RO         7963    i.ai_sub_f32        NetworkRuntime1020_CM4_Keil.lib(ai_math_helpers.o)
    0x08008720   0x08008720   0x00000012   Code   RO         7970    i.ai_sum            NetworkRuntime1020_CM4_Keil.lib(ai_math_helpers.o)
    0x08008732   0x08008732   0x00000002   PAD
    0x08008734   0x08008734   0x0000001e   Code   RO         7974    i.ai_sum_buffer_f32  NetworkRuntime1020_CM4_Keil.lib(ai_math_helpers.o)
    0x08008752   0x08008752   0x00000012   Code   RO         7981    i.ai_sum_f32        NetworkRuntime1020_CM4_Keil.lib(ai_math_helpers.o)
    0x08008764   0x08008764   0x0000000c   Code   RO         8347    i.ai_version_get    NetworkRuntime1020_CM4_Keil.lib(ai_datatypes_internal.o)
    0x08008770   0x08008770   0x000000c8   Code   RO          847    i.cli_parse         uart_cli.o
    0x08008838   0x08008838   0x00000188   Code   RO          848    i.cmd_burn          uart_cli.o
    0x080089c0   0x080089c0   0x00000050   Code   RO          849    i.cmd_heap          uart_cli.o
    0x08008a10   0x08008a10   0x00000084   Code   RO          850    i.cmd_help          uart_cli.o
    0x08008a94   0x08008a94   0x00000104   Code   RO          851    i.cmd_model         uart_cli.o
    0x08008b98   0x08008b98   0x000000d4   Code   RO          852    i.cmd_status        uart_cli.o
    0x08008c6c   0x08008c6c   0x00000160   Code   RO         8377    i.core_compute_offsets  NetworkRuntime1020_CM4_Keil.lib(core_utils.o)
    0x08008dcc   0x08008dcc   0x00000060   Code   RO         8378    i.core_get_broadcasted_shape  NetworkRuntime1020_CM4_Keil.lib(core_utils.o)
    0x08008e2c   0x08008e2c   0x0000000c   Code   RO         8357    i.core_get_error    NetworkRuntime1020_CM4_Keil.lib(core_common.o)
    0x08008e38   0x08008e38   0x00000004   Code   RO         8358    i.core_init         NetworkRuntime1020_CM4_Keil.lib(core_common.o)
    0x08008e3c   0x08008e3c   0x00000010   Code   RO         7307    i.core_nl_get_params_byte_size  NetworkRuntime1020_CM4_Keil.lib(layers_conv2d_generic_float.o)
    0x08008e4c   0x08008e4c   0x00000012   Code   RO         7308    i.core_nl_get_params_ptr  NetworkRuntime1020_CM4_Keil.lib(layers_conv2d_generic_float.o)
    0x08008e5e   0x08008e5e   0x00000010   Code   RO         7309    i.core_nl_get_params_stride  NetworkRuntime1020_CM4_Keil.lib(layers_conv2d_generic_float.o)
    0x08008e6e   0x08008e6e   0x0000001a   Code   RO         8359    i.core_set_error    NetworkRuntime1020_CM4_Keil.lib(core_common.o)
    0x08008e88   0x08008e88   0x000000dc   Code   RO         6519    i.cosine_sum_window_create  window.o
    0x08008f64   0x08008f64   0x00000018   Code   RO         9750    i.fabs              m_wm.l(fabs.o)
    0x08008f7c   0x08008f7c   0x000001ec   Code   RO         7310    i.forward_conv2d_if32of32wf32  NetworkRuntime1020_CM4_Keil.lib(layers_conv2d_generic_float.o)
    0x08009168   0x08009168   0x000002ac   Code   RO         7313    i.forward_conv2d_if32of32wf32_nl_pool  NetworkRuntime1020_CM4_Keil.lib(layers_conv2d_generic_float.o)
    0x08009414   0x08009414   0x00000148   Code   RO         7314    i.forward_dense     NetworkRuntime1020_CM4_Keil.lib(layers_conv2d_generic_float.o)
    0x0800955c   0x0800955c   0x000001b6   Code   RO         7315    i.forward_dw_if32of32wf32  NetworkRuntime1020_CM4_Keil.lib(layers_conv2d_generic_float.o)
    0x08009712   0x08009712   0x00000002   PAD
    0x08009714   0x08009714   0x0000024c   Code   RO         7356    i.forward_eltwise   NetworkRuntime1020_CM4_Keil.lib(layers_generic_float.o)
    0x08009960   0x08009960   0x00000154   Code   RO         8486    i.forward_lite_conv2d_if32of32wf32  NetworkRuntime1020_CM4_Keil.lib(forward_lite_conv2d_if32of32wf32.o)
    0x08009ab4   0x08009ab4   0x00000284   Code   RO         8489    i.forward_lite_conv2d_if32of32wf32_pool  NetworkRuntime1020_CM4_Keil.lib(forward_lite_conv2d_if32of32wf32.o)
    0x08009d38   0x08009d38   0x00000098   Code   RO         8568    i.forward_lite_dense_if32of32wf32  NetworkRuntime1020_CM4_Keil.lib(lite_dense_if32.o)
    0x08009dd0   0x08009dd0   0x000000ac   Code   RO         8569    i.forward_lite_dense_if32of32wf32_lut4  NetworkRuntime1020_CM4_Keil.lib(lite_dense_if32.o)
    0x08009e7c   0x08009e7c   0x000000ac   Code   RO         8570    i.forward_lite_dense_if32of32wf32_lut8  NetworkRuntime1020_CM4_Keil.lib(lite_dense_if32.o)
    0x08009f28   0x08009f28   0x000000ba   Code   RO         8490    i.forward_lite_dw_if32of32wf32  NetworkRuntime1020_CM4_Keil.lib(forward_lite_conv2d_if32of32wf32.o)
    0x08009fe2   0x08009fe2   0x00000002   PAD
    0x08009fe4   0x08009fe4   0x000000ac   Code   RO         8522    i.forward_lite_nl_relu_generic_if32of32_kernel  NetworkRuntime1020_CM4_Keil.lib(lite_nl_relu_if32of32.o)
    0x0800a090   0x0800a090   0x00000034   Code   RO         7657    i.forward_lite_nl_relu_if32of32  NetworkRuntime1020_CM4_Keil.lib(lite_nl_generic_float.o)
    0x0800a0c4   0x0800a0c4   0x00000150   Code   RO         7365    i.forward_reduce    NetworkRuntime1020_CM4_Keil.lib(layers_generic_float.o)
    0x0800a214   0x0800a214   0x000000d0   Code   RO         7467    i.forward_relu      NetworkRuntime1020_CM4_Keil.lib(layers_nl_generic_float.o)
    0x0800a2e4   0x0800a2e4   0x0000005e   Code   RO         7472    i.forward_sigmoid   NetworkRuntime1020_CM4_Keil.lib(layers_nl_generic_float.o)
    0x0800a342   0x0800a342   0x00000002   PAD
    0x0800a344   0x0800a344   0x00000018   Code   RO          853    i.fputc             uart_cli.o
    0x0800a35c   0x0800a35c   0x0000012c   Code   RO         8492    i.fw_lite_conv2d_kernel_depthwise_f32  NetworkRuntime1020_CM4_Keil.lib(forward_lite_conv2d_if32of32wf32.o)
    0x0800a488   0x0800a488   0x00000182   Code   RO         8494    i.fw_lite_conv2d_kernel_simple_opt_f32  NetworkRuntime1020_CM4_Keil.lib(forward_lite_conv2d_if32of32wf32.o)
    0x0800a60a   0x0800a60a   0x00000002   PAD
    0x0800a60c   0x0800a60c   0x00000028   Code   RO         8348    i.get_tensor_byte_size  NetworkRuntime1020_CM4_Keil.lib(ai_datatypes_internal.o)
    0x0800a634   0x0800a634   0x0000007c   Code   RO         8571    i.lite_decompress_ilutof32  NetworkRuntime1020_CM4_Keil.lib(lite_dense_if32.o)
    0x0800a6b0   0x0800a6b0   0x00000032   Code   RO           17    i.main              main.o
    0x0800a6e2   0x0800a6e2   0x00000002   PAD
    0x0800a6e4   0x0800a6e4   0x0000010c   Code   RO         6556    i.network_configure_activations  network.o
    0x0800a7f0   0x0800a7f0   0x00000228   Code   RO         6557    i.network_configure_weights  network.o
    0x0800aa18   0x0800aa18   0x00000048   Code   RO         7516    i.nl_func_sigmoid_array_f32  NetworkRuntime1020_CM4_Keil.lib(layers_nl_generic_float.o)
    0x0800aa60   0x0800aa60   0x0000001a   Code   RO         5464    i.osDelay           cmsis_os2.o
    0x0800aa7a   0x0800aa7a   0x00000002   PAD
    0x0800aa7c   0x0800aa7c   0x00000024   Code   RO         5478    i.osKernelInitialize  cmsis_os2.o
    0x0800aaa0   0x0800aaa0   0x00000038   Code   RO         5481    i.osKernelStart     cmsis_os2.o
    0x0800aad8   0x0800aad8   0x0000008a   Code   RO         5523    i.osThreadNew       cmsis_os2.o
    0x0800ab62   0x0800ab62   0x00000002   PAD
    0x0800ab64   0x0800ab64   0x000001a8   Code   RO         7626    i.pool_func_mp_array_f32  NetworkRuntime1020_CM4_Keil.lib(forward_lite_pool_f32.o)
    0x0800ad0c   0x0800ad0c   0x0000005c   Code   RO         4935    i.prvAddCurrentTaskToDelayedList  tasks.o
    0x0800ad68   0x0800ad68   0x000000d0   Code   RO         4936    i.prvAddNewTaskToReadyList  tasks.o
    0x0800ae38   0x0800ae38   0x00000012   Code   RO         4768    i.prvBytesInBuffer  stream_buffer.o
    0x0800ae4a   0x0800ae4a   0x00000002   PAD
    0x0800ae4c   0x0800ae4c   0x00000058   Code   RO         5300    i.prvCheckForValidListAndQueue  timers.o
    0x0800aea4   0x0800aea4   0x00000026   Code   RO         4532    i.prvCopyDataFromQueue  queue.o
    0x0800aeca   0x0800aeca   0x0000006c   Code   RO         4533    i.prvCopyDataToQueue  queue.o
    0x0800af36   0x0800af36   0x00000034   Code   RO         4937    i.prvDeleteTCB      tasks.o
    0x0800af6a   0x0800af6a   0x00000002   PAD
    0x0800af6c   0x0800af6c   0x0000004c   Code   RO         5969    i.prvHeapInit       heap_4.o
    0x0800afb8   0x0800afb8   0x00000060   Code   RO         4938    i.prvIdleTask       tasks.o
    0x0800b018   0x0800b018   0x00000022   Code   RO         4535    i.prvInitialiseNewQueue  queue.o
    0x0800b03a   0x0800b03a   0x00000042   Code   RO         4769    i.prvInitialiseNewStreamBuffer  stream_buffer.o
    0x0800b07c   0x0800b07c   0x000000b0   Code   RO         4939    i.prvInitialiseNewTask  tasks.o
    0x0800b12c   0x0800b12c   0x0000004c   Code   RO         5970    i.prvInsertBlockIntoFreeList  heap_4.o
    0x0800b178   0x0800b178   0x00000038   Code   RO         5302    i.prvInsertTimerInActiveList  timers.o
    0x0800b1b0   0x0800b1b0   0x0000001c   Code   RO         4536    i.prvIsQueueEmpty   queue.o
    0x0800b1cc   0x0800b1cc   0x000000fc   Code   RO         5303    i.prvProcessReceivedCommands  timers.o
    0x0800b2c8   0x0800b2c8   0x000000c0   Code   RO         5304    i.prvProcessTimerOrBlockTask  timers.o
    0x0800b388   0x0800b388   0x0000008c   Code   RO         4770    i.prvReadBytesFromBuffer  stream_buffer.o
    0x0800b414   0x0800b414   0x0000003a   Code   RO         4771    i.prvReadMessageFromBuffer  stream_buffer.o
    0x0800b44e   0x0800b44e   0x00000002   PAD
    0x0800b450   0x0800b450   0x00000020   Code   RO         4941    i.prvResetNextTaskUnblockTime  tasks.o
    0x0800b470   0x0800b470   0x00000028   Code   RO         5305    i.prvSampleTimeNow  timers.o
    0x0800b498   0x0800b498   0x0000006c   Code   RO         5306    i.prvSwitchTimerLists  timers.o
    0x0800b504   0x0800b504   0x00000028   Code   RO         6025    i.prvTaskExitError  port.o
    0x0800b52c   0x0800b52c   0x00000024   Code   RO         5307    i.prvTimerTask      timers.o
    0x0800b550   0x0800b550   0x0000006a   Code   RO         4537    i.prvUnlockQueue    queue.o
    0x0800b5ba   0x0800b5ba   0x00000082   Code   RO         4772    i.prvWriteBytesToBuffer  stream_buffer.o
    0x0800b63c   0x0800b63c   0x0000003c   Code   RO         4773    i.prvWriteMessageToBuffer  stream_buffer.o
    0x0800b678   0x0800b678   0x000000dc   Code   RO         5971    i.pvPortMalloc      heap_4.o
    0x0800b754   0x0800b754   0x00000018   Code   RO         4944    i.pvTaskIncrementMutexHeldCount  tasks.o
    0x0800b76c   0x0800b76c   0x0000002c   Code   RO         6026    i.pxPortInitialiseStack  port.o
    0x0800b798   0x0800b798   0x00000090   Code   RO         8637    i.st_int8_copy      NetworkRuntime1020_CM4_Keil.lib(st_int8_fill.o)
    0x0800b828   0x0800b828   0x00000068   Code   RO         4945    i.ulTaskNotifyTake  tasks.o
    0x0800b890   0x0800b890   0x00000026   Code   RO         4492    i.uxListRemove      list.o
    0x0800b8b6   0x0800b8b6   0x00000002   PAD
    0x0800b8b8   0x0800b8b8   0x0000000c   Code   RO         4947    i.uxTaskGetNumberOfTasks  tasks.o
    0x0800b8c4   0x0800b8c4   0x00000014   Code   RO         5535    i.vApplicationGetIdleTaskMemory  cmsis_os2.o
    0x0800b8d8   0x0800b8d8   0x00000018   Code   RO         5536    i.vApplicationGetTimerTaskMemory  cmsis_os2.o
    0x0800b8f0   0x0800b8f0   0x00000016   Code   RO         4493    i.vListInitialise   list.o
    0x0800b906   0x0800b906   0x00000006   Code   RO         4494    i.vListInitialiseItem  list.o
    0x0800b90c   0x0800b90c   0x00000030   Code   RO         4495    i.vListInsert       list.o
    0x0800b93c   0x0800b93c   0x00000018   Code   RO         4496    i.vListInsertEnd    list.o
    0x0800b954   0x0800b954   0x00000040   Code   RO         6028    i.vPortEnterCritical  port.o
    0x0800b994   0x0800b994   0x00000028   Code   RO         6029    i.vPortExitCritical  port.o
    0x0800b9bc   0x0800b9bc   0x00000064   Code   RO         5972    i.vPortFree         heap_4.o
    0x0800ba20   0x0800ba20   0x00000024   Code   RO         6030    i.vPortSetupTimerInterrupt  port.o
    0x0800ba44   0x0800ba44   0x00000054   Code   RO         6031    i.vPortValidateInterruptPriority  port.o
    0x0800ba98   0x0800ba98   0x00000028   Code   RO         4543    i.vQueueAddToRegistry  queue.o
    0x0800bac0   0x0800bac0   0x00000044   Code   RO         4547    i.vQueueWaitForMessageRestricted  queue.o
    0x0800bb04   0x0800bb04   0x0000004c   Code   RO         4954    i.vTaskDelay        tasks.o
    0x0800bb50   0x0800bb50   0x00000010   Code   RO         4959    i.vTaskInternalSetTimeOutState  tasks.o
    0x0800bb60   0x0800bb60   0x0000000c   Code   RO         4960    i.vTaskMissedYield  tasks.o
    0x0800bb6c   0x0800bb6c   0x000000b0   Code   RO         4961    i.vTaskNotifyGiveFromISR  tasks.o
    0x0800bc1c   0x0800bc1c   0x00000030   Code   RO         4962    i.vTaskPlaceOnEventList  tasks.o
    0x0800bc4c   0x0800bc4c   0x00000038   Code   RO         4963    i.vTaskPlaceOnEventListRestricted  tasks.o
    0x0800bc84   0x0800bc84   0x00000090   Code   RO         4965    i.vTaskPriorityDisinheritAfterTimeout  tasks.o
    0x0800bd14   0x0800bd14   0x00000088   Code   RO         4971    i.vTaskStartScheduler  tasks.o
    0x0800bd9c   0x0800bd9c   0x0000009c   Code   RO         4972    i.vTaskSuspend      tasks.o
    0x0800be38   0x0800be38   0x00000010   Code   RO         4973    i.vTaskSuspendAll   tasks.o
    0x0800be48   0x0800be48   0x00000064   Code   RO         4974    i.vTaskSwitchContext  tasks.o
    0x0800beac   0x0800beac   0x0000000c   Code   RO         5975    i.xPortGetFreeHeapSize  heap_4.o
    0x0800beb8   0x0800beb8   0x0000000c   Code   RO         5976    i.xPortGetMinimumEverFreeHeapSize  heap_4.o
    0x0800bec4   0x0800bec4   0x000000f4   Code   RO         6032    i.xPortStartScheduler  port.o
    0x0800bfb8   0x0800bfb8   0x0000002c   Code   RO         6033    i.xPortSysTickHandler  port.o
    0x0800bfe4   0x0800bfe4   0x00000042   Code   RO         4552    i.xQueueGenericCreate  queue.o
    0x0800c026   0x0800c026   0x00000066   Code   RO         4553    i.xQueueGenericCreateStatic  queue.o
    0x0800c08c   0x0800c08c   0x00000088   Code   RO         4554    i.xQueueGenericReset  queue.o
    0x0800c114   0x0800c114   0x00000160   Code   RO         4555    i.xQueueGenericSend  queue.o
    0x0800c274   0x0800c274   0x000000be   Code   RO         4556    i.xQueueGenericSendFromISR  queue.o
    0x0800c332   0x0800c332   0x0000009c   Code   RO         4559    i.xQueueGiveFromISR  queue.o
    0x0800c3ce   0x0800c3ce   0x00000002   PAD
    0x0800c3d0   0x0800c3d0   0x00000138   Code   RO         4565    i.xQueueReceive     queue.o
    0x0800c508   0x0800c508   0x00000178   Code   RO         4567    i.xQueueSemaphoreTake  queue.o
    0x0800c680   0x0800c680   0x0000006c   Code   RO         4779    i.xStreamBufferGenericCreate  stream_buffer.o
    0x0800c6ec   0x0800c6ec   0x000000d4   Code   RO         4784    i.xStreamBufferReceive  stream_buffer.o
    0x0800c7c0   0x0800c7c0   0x0000008e   Code   RO         4790    i.xStreamBufferSendFromISR  stream_buffer.o
    0x0800c84e   0x0800c84e   0x00000026   Code   RO         4792    i.xStreamBufferSpacesAvailable  stream_buffer.o
    0x0800c874   0x0800c874   0x00000074   Code   RO         4976    i.xTaskCheckForTimeOut  tasks.o
    0x0800c8e8   0x0800c8e8   0x0000005a   Code   RO         4977    i.xTaskCreate       tasks.o
    0x0800c942   0x0800c942   0x00000056   Code   RO         4978    i.xTaskCreateStatic  tasks.o
    0x0800c998   0x0800c998   0x000000e0   Code   RO         4979    i.xTaskGenericNotify  tasks.o
    0x0800ca78   0x0800ca78   0x00000104   Code   RO         4980    i.xTaskGenericNotifyFromISR  tasks.o
    0x0800cb7c   0x0800cb7c   0x0000000c   Code   RO         4981    i.xTaskGetCurrentTaskHandle  tasks.o
    0x0800cb88   0x0800cb88   0x0000001c   Code   RO         4982    i.xTaskGetSchedulerState  tasks.o
    0x0800cba4   0x0800cba4   0x0000000c   Code   RO         4983    i.xTaskGetTickCount  tasks.o
    0x0800cbb0   0x0800cbb0   0x000000c8   Code   RO         4985    i.xTaskIncrementTick  tasks.o
    0x0800cc78   0x0800cc78   0x00000034   Code   RO         4986    i.xTaskNotifyStateClear  tasks.o
    0x0800ccac   0x0800ccac   0x0000008c   Code   RO         4987    i.xTaskNotifyWait   tasks.o
    0x0800cd38   0x0800cd38   0x00000080   Code   RO         4988    i.xTaskPriorityDisinherit  tasks.o
    0x0800cdb8   0x0800cdb8   0x00000078   Code   RO         4989    i.xTaskPriorityInherit  tasks.o
    0x0800ce30   0x0800ce30   0x00000070   Code   RO         4990    i.xTaskRemoveFromEventList  tasks.o
    0x0800cea0   0x0800cea0   0x000000c4   Code   RO         4991    i.xTaskResumeAll    tasks.o
    0x0800cf64   0x0800cf64   0x00000060   Code   RO         5316    i.xTimerCreateTimerTask  timers.o
    0x0800cfc4   0x0800cfc4   0x00000068   Code   RO         5317    i.xTimerGenericCommand  timers.o
    0x0800d02c   0x0800d02c   0x00000024   Data   RO          243    .constdata          freertos.o
    0x0800d050   0x0800d050   0x000005f0   Data   RO          675    .constdata          oled.o
    0x0800d640   0x0800d640   0x00000030   Data   RO          855    .constdata          uart_cli.o
    0x0800d670   0x0800d670   0x00000004   Data   RO         1109    .constdata          user_kwsinfertask.o
    0x0800d674   0x0800d674   0x000000b4   Data   RO         1150    .constdata          user_tasksinit.o
    0x0800d728   0x0800d728   0x00000008   Data   RO         2702    .constdata          stm32f4xx_hal_dma.o
    0x0800d730   0x0800d730   0x00000010   Data   RO         4328    .constdata          system_stm32f4xx.o
    0x0800d740   0x0800d740   0x00000008   Data   RO         4329    .constdata          system_stm32f4xx.o
    0x0800d748   0x0800d748   0x00000008   Data   RO         6567    .constdata          network.o
    0x0800d750   0x0800d750   0x00000008   Data   RO         6568    .constdata          network.o
    0x0800d758   0x0800d758   0x00000008   Data   RO         6569    .constdata          network.o
    0x0800d760   0x0800d760   0x00000004   Data   RO         6570    .constdata          network.o
    0x0800d764   0x0800d764   0x00000010   Data   RO         6571    .constdata          network.o
    0x0800d774   0x0800d774   0x00000008   Data   RO         6572    .constdata          network.o
    0x0800d77c   0x0800d77c   0x00000008   Data   RO         6573    .constdata          network.o
    0x0800d784   0x0800d784   0x00000008   Data   RO         6574    .constdata          network.o
    0x0800d78c   0x0800d78c   0x00000008   Data   RO         6575    .constdata          network.o
    0x0800d794   0x0800d794   0x00000008   Data   RO         6576    .constdata          network.o
    0x0800d79c   0x0800d79c   0x00000008   Data   RO         6577    .constdata          network.o
    0x0800d7a4   0x0800d7a4   0x00000008   Data   RO         6578    .constdata          network.o
    0x0800d7ac   0x0800d7ac   0x00000008   Data   RO         6579    .constdata          network.o
    0x0800d7b4   0x0800d7b4   0x00000008   Data   RO         6580    .constdata          network.o
    0x0800d7bc   0x0800d7bc   0x00000008   Data   RO         6581    .constdata          network.o
    0x0800d7c4   0x0800d7c4   0x00000008   Data   RO         6582    .constdata          network.o
    0x0800d7cc   0x0800d7cc   0x00000008   Data   RO         6583    .constdata          network.o
    0x0800d7d4   0x0800d7d4   0x00000008   Data   RO         6584    .constdata          network.o
    0x0800d7dc   0x0800d7dc   0x00000008   Data   RO         6585    .constdata          network.o
    0x0800d7e4   0x0800d7e4   0x00000008   Data   RO         6586    .constdata          network.o
    0x0800d7ec   0x0800d7ec   0x00000008   Data   RO         6587    .constdata          network.o
    0x0800d7f4   0x0800d7f4   0x00000008   Data   RO         6588    .constdata          network.o
    0x0800d7fc   0x0800d7fc   0x00000008   Data   RO         6589    .constdata          network.o
    0x0800d804   0x0800d804   0x00000008   Data   RO         6590    .constdata          network.o
    0x0800d80c   0x0800d80c   0x00000008   Data   RO         6591    .constdata          network.o
    0x0800d814   0x0800d814   0x00000068   Data   RO         7148    .constdata          network_data.o
    0x0800d87c   0x0800d87c   0x00000004   PAD
    0x0800d880   0x0800d880   0x00015988   Data   RO         7198    .constdata          network_data_params.o
    0x08023208   0x08023208   0x00000068   Data   RO         7266    .constdata          NetworkRuntime1020_CM4_Keil.lib(ai_platform_interface.o)
    0x08023270   0x08023270   0x00000280   Data   RO         7386    .constdata          NetworkRuntime1020_CM4_Keil.lib(layers_generic_float.o)
    0x080234f0   0x080234f0   0x0000001c   Data   RO         8383    .constdata          NetworkRuntime1020_CM4_Keil.lib(core_utils.o)
    0x0802350c   0x0802350c   0x00000030   Data   RO         9128    .constdata          m_wm.l(expf.o)
    0x0802353c   0x0802353c   0x00000040   Data   RO         9160    .constdata          m_wm.l(log10f.o)
    0x0802357c   0x0802357c   0x00000040   Data   RO         9174    .constdata          m_wm.l(logf.o)
    0x080235bc   0x080235bc   0x00000004   PAD
    0x080235c0   0x080235c0   0x00000030   Data   RO         9612    .constdata          m_wm.l(cos_i.o)
    0x080235f0   0x080235f0   0x000000c8   Data   RO         9653    .constdata          m_wm.l(rred.o)
    0x080236b8   0x080236b8   0x00000028   Data   RO         9660    .constdata          m_wm.l(sin_i.o)
    0x080236e0   0x080236e0   0x00000081   Data   RO         9689    .constdata          mc_w.l(ctype_o.o)
    0x08023761   0x08023761   0x00000003   PAD
    0x08023764   0x08023764   0x00000004   Data   RO         9690    .constdata          mc_w.l(ctype_o.o)
    0x08023768   0x08023768   0x0000000c   Data   RO          244    .conststring        freertos.o
    0x08023774   0x08023774   0x0000006b   Data   RO          856    .conststring        uart_cli.o
    0x080237df   0x080237df   0x00000001   PAD
    0x080237e0   0x080237e0   0x00000048   Data   RO         1151    .conststring        user_tasksinit.o
    0x08023828   0x08023828   0x00000e10   Data   RO         8720    .rodata.armBitRevIndexTable1024  arm_cortexM4lf_math.lib(arm_common_tables.o)
    0x08024638   0x08024638   0x000001a0   Data   RO         8717    .rodata.armBitRevIndexTable128  arm_cortexM4lf_math.lib(arm_common_tables.o)
    0x080247d8   0x080247d8   0x00000028   Data   RO         8714    .rodata.armBitRevIndexTable16  arm_cortexM4lf_math.lib(arm_common_tables.o)
    0x08024800   0x08024800   0x00001dc0   Data   RO         8721    .rodata.armBitRevIndexTable2048  arm_cortexM4lf_math.lib(arm_common_tables.o)
    0x080265c0   0x080265c0   0x00000370   Data   RO         8718    .rodata.armBitRevIndexTable256  arm_cortexM4lf_math.lib(arm_common_tables.o)
    0x08026930   0x08026930   0x00000060   Data   RO         8715    .rodata.armBitRevIndexTable32  arm_cortexM4lf_math.lib(arm_common_tables.o)
    0x08026990   0x08026990   0x00001f80   Data   RO         8722    .rodata.armBitRevIndexTable4096  arm_cortexM4lf_math.lib(arm_common_tables.o)
    0x08028910   0x08028910   0x00000380   Data   RO         8719    .rodata.armBitRevIndexTable512  arm_cortexM4lf_math.lib(arm_common_tables.o)
    0x08028c90   0x08028c90   0x00000070   Data   RO         8716    .rodata.armBitRevIndexTable64  arm_cortexM4lf_math.lib(arm_common_tables.o)
    0x08028d00   0x08028d00   0x00000010   Data   RO         8940    .rodata.arm_cfft_sR_f32_len1024  arm_cortexM4lf_math.lib(arm_const_structs.o)
    0x08028d10   0x08028d10   0x00000010   Data   RO         8937    .rodata.arm_cfft_sR_f32_len128  arm_cortexM4lf_math.lib(arm_const_structs.o)
    0x08028d20   0x08028d20   0x00000010   Data   RO         8934    .rodata.arm_cfft_sR_f32_len16  arm_cortexM4lf_math.lib(arm_const_structs.o)
    0x08028d30   0x08028d30   0x00000010   Data   RO         8941    .rodata.arm_cfft_sR_f32_len2048  arm_cortexM4lf_math.lib(arm_const_structs.o)
    0x08028d40   0x08028d40   0x00000010   Data   RO         8938    .rodata.arm_cfft_sR_f32_len256  arm_cortexM4lf_math.lib(arm_const_structs.o)
    0x08028d50   0x08028d50   0x00000010   Data   RO         8935    .rodata.arm_cfft_sR_f32_len32  arm_cortexM4lf_math.lib(arm_const_structs.o)
    0x08028d60   0x08028d60   0x00000010   Data   RO         8942    .rodata.arm_cfft_sR_f32_len4096  arm_cortexM4lf_math.lib(arm_const_structs.o)
    0x08028d70   0x08028d70   0x00000010   Data   RO         8939    .rodata.arm_cfft_sR_f32_len512  arm_cortexM4lf_math.lib(arm_const_structs.o)
    0x08028d80   0x08028d80   0x00000010   Data   RO         8936    .rodata.arm_cfft_sR_f32_len64  arm_cortexM4lf_math.lib(arm_const_structs.o)
    0x08028d90   0x08028d90   0x00002000   Data   RO         8684    .rodata.twiddleCoef_1024  arm_cortexM4lf_math.lib(arm_common_tables.o)
    0x0802ad90   0x0802ad90   0x00000400   Data   RO         8681    .rodata.twiddleCoef_128  arm_cortexM4lf_math.lib(arm_common_tables.o)
    0x0802b190   0x0802b190   0x00000080   Data   RO         8678    .rodata.twiddleCoef_16  arm_cortexM4lf_math.lib(arm_common_tables.o)
    0x0802b210   0x0802b210   0x00004000   Data   RO         8685    .rodata.twiddleCoef_2048  arm_cortexM4lf_math.lib(arm_common_tables.o)
    0x0802f210   0x0802f210   0x00000800   Data   RO         8682    .rodata.twiddleCoef_256  arm_cortexM4lf_math.lib(arm_common_tables.o)
    0x0802fa10   0x0802fa10   0x00000100   Data   RO         8679    .rodata.twiddleCoef_32  arm_cortexM4lf_math.lib(arm_common_tables.o)
    0x0802fb10   0x0802fb10   0x00008000   Data   RO         8686    .rodata.twiddleCoef_4096  arm_cortexM4lf_math.lib(arm_common_tables.o)
    0x08037b10   0x08037b10   0x00001000   Data   RO         8683    .rodata.twiddleCoef_512  arm_cortexM4lf_math.lib(arm_common_tables.o)
    0x08038b10   0x08038b10   0x00000200   Data   RO         8680    .rodata.twiddleCoef_64  arm_cortexM4lf_math.lib(arm_common_tables.o)
    0x08038d10   0x08038d10   0x00001000   Data   RO         8745    .rodata.twiddleCoef_rfft_1024  arm_cortexM4lf_math.lib(arm_common_tables.o)
    0x08039d10   0x08039d10   0x00000200   Data   RO         8742    .rodata.twiddleCoef_rfft_128  arm_cortexM4lf_math.lib(arm_common_tables.o)
    0x08039f10   0x08039f10   0x00002000   Data   RO         8746    .rodata.twiddleCoef_rfft_2048  arm_cortexM4lf_math.lib(arm_common_tables.o)
    0x0803bf10   0x0803bf10   0x00000400   Data   RO         8743    .rodata.twiddleCoef_rfft_256  arm_cortexM4lf_math.lib(arm_common_tables.o)
    0x0803c310   0x0803c310   0x00000080   Data   RO         8740    .rodata.twiddleCoef_rfft_32  arm_cortexM4lf_math.lib(arm_common_tables.o)
    0x0803c390   0x0803c390   0x00004000   Data   RO         8747    .rodata.twiddleCoef_rfft_4096  arm_cortexM4lf_math.lib(arm_common_tables.o)
    0x08040390   0x08040390   0x00000800   Data   RO         8744    .rodata.twiddleCoef_rfft_512  arm_cortexM4lf_math.lib(arm_common_tables.o)
    0x08040b90   0x08040b90   0x00000100   Data   RO         8741    .rodata.twiddleCoef_rfft_64  arm_cortexM4lf_math.lib(arm_common_tables.o)
    0x08040c90   0x08040c90   0x00000020   Data   RO         9766    Region$$Table       anon$$obj.o


    Execution Region RW_RAM (Exec base: 0x20000000, Load base: 0x08040cb0, Size: 0x00012210, Max: 0x0001c000, ABSOLUTE, COMPRESSED[0x000007d8])

    Exec Addr    Load Addr    Size         Type   Attr      Idx    E Section Name        Object

    0x20000000   COMPRESSED   0x00000004   Data   RW          245    .data               freertos.o
    0x20000004   COMPRESSED   0x00000008   Data   RW          615    .data               inmp441.o
    0x2000000c   COMPRESSED   0x00000008   Data   RW          779    .data               speaker.o
    0x20000014   COMPRESSED   0x00000008   Data   RW          857    .data               uart_cli.o
    0x2000001c   COMPRESSED   0x00000001   Data   RW          858    .data               uart_cli.o
    0x2000001d   COMPRESSED   0x00000003   PAD
    0x20000020   COMPRESSED   0x00000004   Data   RW         1037    .data               user_audiofbanktask.o
    0x20000024   COMPRESSED   0x00000014   Data   RW         1110    .data               user_kwsinfertask.o
    0x20000038   COMPRESSED   0x00000014   Data   RW         1152    .data               user_tasksinit.o
    0x2000004c   COMPRESSED   0x00000004   Data   RW         1185    .data               user_oleddisplaytask.o
    0x20000050   COMPRESSED   0x0000000c   Data   RW         3147    .data               stm32f4xx_hal.o
    0x2000005c   COMPRESSED   0x00000004   Data   RW         4330    .data               system_stm32f4xx.o
    0x20000060   COMPRESSED   0x0000003c   Data   RW         4994    .data               tasks.o
    0x2000009c   COMPRESSED   0x00000014   Data   RW         5325    .data               timers.o
    0x200000b0   COMPRESSED   0x00000004   Data   RW         5538    .data               cmsis_os2.o
    0x200000b4   COMPRESSED   0x00000020   Data   RW         5978    .data               heap_4.o
    0x200000d4   COMPRESSED   0x0000000c   Data   RW         6034    .data               port.o
    0x200000e0   COMPRESSED   0x00000008   Data   RW         6173    .data               fbank.o
    0x200000e8   COMPRESSED   0x00000010   Data   RW         6594    .data               network.o
    0x200000f8   COMPRESSED   0x00000010   Data   RW         6595    .data               network.o
    0x20000108   COMPRESSED   0x00000010   Data   RW         6596    .data               network.o
    0x20000118   COMPRESSED   0x00000010   Data   RW         6597    .data               network.o
    0x20000128   COMPRESSED   0x00000010   Data   RW         6598    .data               network.o
    0x20000138   COMPRESSED   0x00000010   Data   RW         6599    .data               network.o
    0x20000148   COMPRESSED   0x00000010   Data   RW         6600    .data               network.o
    0x20000158   COMPRESSED   0x00000010   Data   RW         6601    .data               network.o
    0x20000168   COMPRESSED   0x00000010   Data   RW         6602    .data               network.o
    0x20000178   COMPRESSED   0x00000010   Data   RW         6603    .data               network.o
    0x20000188   COMPRESSED   0x00000010   Data   RW         6604    .data               network.o
    0x20000198   COMPRESSED   0x00000010   Data   RW         6605    .data               network.o
    0x200001a8   COMPRESSED   0x00000010   Data   RW         6606    .data               network.o
    0x200001b8   COMPRESSED   0x00000010   Data   RW         6607    .data               network.o
    0x200001c8   COMPRESSED   0x00000010   Data   RW         6608    .data               network.o
    0x200001d8   COMPRESSED   0x00000010   Data   RW         6609    .data               network.o
    0x200001e8   COMPRESSED   0x00000010   Data   RW         6610    .data               network.o
    0x200001f8   COMPRESSED   0x00000010   Data   RW         6611    .data               network.o
    0x20000208   COMPRESSED   0x00000010   Data   RW         6612    .data               network.o
    0x20000218   COMPRESSED   0x00000010   Data   RW         6613    .data               network.o
    0x20000228   COMPRESSED   0x00000010   Data   RW         6614    .data               network.o
    0x20000238   COMPRESSED   0x00000010   Data   RW         6615    .data               network.o
    0x20000248   COMPRESSED   0x00000010   Data   RW         6616    .data               network.o
    0x20000258   COMPRESSED   0x00000010   Data   RW         6617    .data               network.o
    0x20000268   COMPRESSED   0x00000010   Data   RW         6618    .data               network.o
    0x20000278   COMPRESSED   0x00000010   Data   RW         6619    .data               network.o
    0x20000288   COMPRESSED   0x00000010   Data   RW         6620    .data               network.o
    0x20000298   COMPRESSED   0x00000010   Data   RW         6621    .data               network.o
    0x200002a8   COMPRESSED   0x00000010   Data   RW         6622    .data               network.o
    0x200002b8   COMPRESSED   0x00000010   Data   RW         6623    .data               network.o
    0x200002c8   COMPRESSED   0x00000010   Data   RW         6624    .data               network.o
    0x200002d8   COMPRESSED   0x00000010   Data   RW         6625    .data               network.o
    0x200002e8   COMPRESSED   0x00000010   Data   RW         6626    .data               network.o
    0x200002f8   COMPRESSED   0x00000010   Data   RW         6627    .data               network.o
    0x20000308   COMPRESSED   0x00000010   Data   RW         6628    .data               network.o
    0x20000318   COMPRESSED   0x00000010   Data   RW         6629    .data               network.o
    0x20000328   COMPRESSED   0x00000010   Data   RW         6630    .data               network.o
    0x20000338   COMPRESSED   0x00000010   Data   RW         6631    .data               network.o
    0x20000348   COMPRESSED   0x00000010   Data   RW         6632    .data               network.o
    0x20000358   COMPRESSED   0x00000010   Data   RW         6633    .data               network.o
    0x20000368   COMPRESSED   0x00000010   Data   RW         6634    .data               network.o
    0x20000378   COMPRESSED   0x00000010   Data   RW         6635    .data               network.o
    0x20000388   COMPRESSED   0x00000010   Data   RW         6636    .data               network.o
    0x20000398   COMPRESSED   0x00000010   Data   RW         6637    .data               network.o
    0x200003a8   COMPRESSED   0x00000010   Data   RW         6638    .data               network.o
    0x200003b8   COMPRESSED   0x00000010   Data   RW         6639    .data               network.o
    0x200003c8   COMPRESSED   0x00000010   Data   RW         6640    .data               network.o
    0x200003d8   COMPRESSED   0x00000010   Data   RW         6641    .data               network.o
    0x200003e8   COMPRESSED   0x00000010   Data   RW         6642    .data               network.o
    0x200003f8   COMPRESSED   0x00000010   Data   RW         6643    .data               network.o
    0x20000408   COMPRESSED   0x00000010   Data   RW         6644    .data               network.o
    0x20000418   COMPRESSED   0x00000010   Data   RW         6645    .data               network.o
    0x20000428   COMPRESSED   0x00000010   Data   RW         6646    .data               network.o
    0x20000438   COMPRESSED   0x00000010   Data   RW         6647    .data               network.o
    0x20000448   COMPRESSED   0x00000010   Data   RW         6648    .data               network.o
    0x20000458   COMPRESSED   0x00000010   Data   RW         6649    .data               network.o
    0x20000468   COMPRESSED   0x00000010   Data   RW         6650    .data               network.o
    0x20000478   COMPRESSED   0x00000010   Data   RW         6651    .data               network.o
    0x20000488   COMPRESSED   0x00000010   Data   RW         6652    .data               network.o
    0x20000498   COMPRESSED   0x00000010   Data   RW         6653    .data               network.o
    0x200004a8   COMPRESSED   0x00000010   Data   RW         6654    .data               network.o
    0x200004b8   COMPRESSED   0x00000010   Data   RW         6655    .data               network.o
    0x200004c8   COMPRESSED   0x00000010   Data   RW         6656    .data               network.o
    0x200004d8   COMPRESSED   0x00000010   Data   RW         6657    .data               network.o
    0x200004e8   COMPRESSED   0x00000010   Data   RW         6658    .data               network.o
    0x200004f8   COMPRESSED   0x00000010   Data   RW         6659    .data               network.o
    0x20000508   COMPRESSED   0x00000010   Data   RW         6660    .data               network.o
    0x20000518   COMPRESSED   0x00000010   Data   RW         6661    .data               network.o
    0x20000528   COMPRESSED   0x00000010   Data   RW         6662    .data               network.o
    0x20000538   COMPRESSED   0x00000010   Data   RW         6663    .data               network.o
    0x20000548   COMPRESSED   0x00000010   Data   RW         6664    .data               network.o
    0x20000558   COMPRESSED   0x00000010   Data   RW         6665    .data               network.o
    0x20000568   COMPRESSED   0x00000010   Data   RW         6666    .data               network.o
    0x20000578   COMPRESSED   0x00000010   Data   RW         6667    .data               network.o
    0x20000588   COMPRESSED   0x00000010   Data   RW         6668    .data               network.o
    0x20000598   COMPRESSED   0x00000010   Data   RW         6669    .data               network.o
    0x200005a8   COMPRESSED   0x00000010   Data   RW         6670    .data               network.o
    0x200005b8   COMPRESSED   0x00000010   Data   RW         6671    .data               network.o
    0x200005c8   COMPRESSED   0x00000010   Data   RW         6672    .data               network.o
    0x200005d8   COMPRESSED   0x00000010   Data   RW         6673    .data               network.o
    0x200005e8   COMPRESSED   0x00000010   Data   RW         6674    .data               network.o
    0x200005f8   COMPRESSED   0x00000010   Data   RW         6675    .data               network.o
    0x20000608   COMPRESSED   0x00000010   Data   RW         6676    .data               network.o
    0x20000618   COMPRESSED   0x00000010   Data   RW         6677    .data               network.o
    0x20000628   COMPRESSED   0x00000010   Data   RW         6678    .data               network.o
    0x20000638   COMPRESSED   0x00000010   Data   RW         6679    .data               network.o
    0x20000648   COMPRESSED   0x00000010   Data   RW         6680    .data               network.o
    0x20000658   COMPRESSED   0x00000010   Data   RW         6681    .data               network.o
    0x20000668   COMPRESSED   0x00000010   Data   RW         6682    .data               network.o
    0x20000678   COMPRESSED   0x00000010   Data   RW         6683    .data               network.o
    0x20000688   COMPRESSED   0x00000010   Data   RW         6684    .data               network.o
    0x20000698   COMPRESSED   0x00000010   Data   RW         6685    .data               network.o
    0x200006a8   COMPRESSED   0x00000010   Data   RW         6686    .data               network.o
    0x200006b8   COMPRESSED   0x00000010   Data   RW         6687    .data               network.o
    0x200006c8   COMPRESSED   0x00000010   Data   RW         6688    .data               network.o
    0x200006d8   COMPRESSED   0x00000010   Data   RW         6689    .data               network.o
    0x200006e8   COMPRESSED   0x00000010   Data   RW         6690    .data               network.o
    0x200006f8   COMPRESSED   0x00000010   Data   RW         6691    .data               network.o
    0x20000708   COMPRESSED   0x00000010   Data   RW         6692    .data               network.o
    0x20000718   COMPRESSED   0x00000010   Data   RW         6693    .data               network.o
    0x20000728   COMPRESSED   0x00000010   Data   RW         6694    .data               network.o
    0x20000738   COMPRESSED   0x00000010   Data   RW         6695    .data               network.o
    0x20000748   COMPRESSED   0x00000010   Data   RW         6696    .data               network.o
    0x20000758   COMPRESSED   0x00000010   Data   RW         6697    .data               network.o
    0x20000768   COMPRESSED   0x00000010   Data   RW         6698    .data               network.o
    0x20000778   COMPRESSED   0x00000010   Data   RW         6699    .data               network.o
    0x20000788   COMPRESSED   0x00000010   Data   RW         6700    .data               network.o
    0x20000798   COMPRESSED   0x00000010   Data   RW         6701    .data               network.o
    0x200007a8   COMPRESSED   0x00000004   Data   RW         6702    .data               network.o
    0x200007ac   COMPRESSED   0x00000004   Data   RW         6703    .data               network.o
    0x200007b0   COMPRESSED   0x00000004   Data   RW         6704    .data               network.o
    0x200007b4   COMPRESSED   0x00000004   Data   RW         6705    .data               network.o
    0x200007b8   COMPRESSED   0x00000030   Data   RW         6706    .data               network.o
    0x200007e8   COMPRESSED   0x00000008   Data   RW         6707    .data               network.o
    0x200007f0   COMPRESSED   0x00000004   Data   RW         6708    .data               network.o
    0x200007f4   COMPRESSED   0x00000004   Data   RW         6709    .data               network.o
    0x200007f8   COMPRESSED   0x00000004   Data   RW         6710    .data               network.o
    0x200007fc   COMPRESSED   0x00000030   Data   RW         6711    .data               network.o
    0x2000082c   COMPRESSED   0x00000004   Data   RW         6712    .data               network.o
    0x20000830   COMPRESSED   0x00000004   Data   RW         6713    .data               network.o
    0x20000834   COMPRESSED   0x00000004   Data   RW         6714    .data               network.o
    0x20000838   COMPRESSED   0x00000004   Data   RW         6715    .data               network.o
    0x2000083c   COMPRESSED   0x00000030   Data   RW         6716    .data               network.o
    0x2000086c   COMPRESSED   0x00000004   Data   RW         6717    .data               network.o
    0x20000870   COMPRESSED   0x00000004   Data   RW         6718    .data               network.o
    0x20000874   COMPRESSED   0x00000004   Data   RW         6719    .data               network.o
    0x20000878   COMPRESSED   0x00000004   Data   RW         6720    .data               network.o
    0x2000087c   COMPRESSED   0x00000030   Data   RW         6721    .data               network.o
    0x200008ac   COMPRESSED   0x00000004   Data   RW         6722    .data               network.o
    0x200008b0   COMPRESSED   0x00000004   Data   RW         6723    .data               network.o
    0x200008b4   COMPRESSED   0x0000000c   Data   RW         6724    .data               network.o
    0x200008c0   COMPRESSED   0x00000008   Data   RW         6725    .data               network.o
    0x200008c8   COMPRESSED   0x00000030   Data   RW         6726    .data               network.o
    0x200008f8   COMPRESSED   0x00000004   Data   RW         6727    .data               network.o
    0x200008fc   COMPRESSED   0x00000004   Data   RW         6728    .data               network.o
    0x20000900   COMPRESSED   0x00000004   Data   RW         6729    .data               network.o
    0x20000904   COMPRESSED   0x00000004   Data   RW         6730    .data               network.o
    0x20000908   COMPRESSED   0x00000030   Data   RW         6731    .data               network.o
    0x20000938   COMPRESSED   0x00000004   Data   RW         6732    .data               network.o
    0x2000093c   COMPRESSED   0x00000004   Data   RW         6733    .data               network.o
    0x20000940   COMPRESSED   0x0000000c   Data   RW         6734    .data               network.o
    0x2000094c   COMPRESSED   0x00000004   Data   RW         6735    .data               network.o
    0x20000950   COMPRESSED   0x00000030   Data   RW         6736    .data               network.o
    0x20000980   COMPRESSED   0x00000010   Data   RW         6737    .data               network.o
    0x20000990   COMPRESSED   0x00000004   Data   RW         6738    .data               network.o
    0x20000994   COMPRESSED   0x00000004   Data   RW         6739    .data               network.o
    0x20000998   COMPRESSED   0x00000004   Data   RW         6740    .data               network.o
    0x2000099c   COMPRESSED   0x00000004   Data   RW         6741    .data               network.o
    0x200009a0   COMPRESSED   0x00000030   Data   RW         6742    .data               network.o
    0x200009d0   COMPRESSED   0x00000004   Data   RW         6743    .data               network.o
    0x200009d4   COMPRESSED   0x00000004   Data   RW         6744    .data               network.o
    0x200009d8   COMPRESSED   0x0000000c   Data   RW         6745    .data               network.o
    0x200009e4   COMPRESSED   0x00000008   Data   RW         6746    .data               network.o
    0x200009ec   COMPRESSED   0x00000030   Data   RW         6747    .data               network.o
    0x20000a1c   COMPRESSED   0x00000004   Data   RW         6748    .data               network.o
    0x20000a20   COMPRESSED   0x00000004   Data   RW         6749    .data               network.o
    0x20000a24   COMPRESSED   0x00000004   Data   RW         6750    .data               network.o
    0x20000a28   COMPRESSED   0x00000004   Data   RW         6751    .data               network.o
    0x20000a2c   COMPRESSED   0x00000030   Data   RW         6752    .data               network.o
    0x20000a5c   COMPRESSED   0x00000004   Data   RW         6753    .data               network.o
    0x20000a60   COMPRESSED   0x00000004   Data   RW         6754    .data               network.o
    0x20000a64   COMPRESSED   0x0000000c   Data   RW         6755    .data               network.o
    0x20000a70   COMPRESSED   0x00000004   Data   RW         6756    .data               network.o
    0x20000a74   COMPRESSED   0x00000030   Data   RW         6757    .data               network.o
    0x20000aa4   COMPRESSED   0x00000010   Data   RW         6758    .data               network.o
    0x20000ab4   COMPRESSED   0x00000004   Data   RW         6759    .data               network.o
    0x20000ab8   COMPRESSED   0x00000004   Data   RW         6760    .data               network.o
    0x20000abc   COMPRESSED   0x00000004   Data   RW         6761    .data               network.o
    0x20000ac0   COMPRESSED   0x00000004   Data   RW         6762    .data               network.o
    0x20000ac4   COMPRESSED   0x00000030   Data   RW         6763    .data               network.o
    0x20000af4   COMPRESSED   0x00000004   Data   RW         6764    .data               network.o
    0x20000af8   COMPRESSED   0x00000004   Data   RW         6765    .data               network.o
    0x20000afc   COMPRESSED   0x0000000c   Data   RW         6766    .data               network.o
    0x20000b08   COMPRESSED   0x00000008   Data   RW         6767    .data               network.o
    0x20000b10   COMPRESSED   0x00000030   Data   RW         6768    .data               network.o
    0x20000b40   COMPRESSED   0x00000004   Data   RW         6769    .data               network.o
    0x20000b44   COMPRESSED   0x00000004   Data   RW         6770    .data               network.o
    0x20000b48   COMPRESSED   0x00000004   Data   RW         6771    .data               network.o
    0x20000b4c   COMPRESSED   0x00000004   Data   RW         6772    .data               network.o
    0x20000b50   COMPRESSED   0x00000030   Data   RW         6773    .data               network.o
    0x20000b80   COMPRESSED   0x00000004   Data   RW         6774    .data               network.o
    0x20000b84   COMPRESSED   0x00000004   Data   RW         6775    .data               network.o
    0x20000b88   COMPRESSED   0x0000000c   Data   RW         6776    .data               network.o
    0x20000b94   COMPRESSED   0x00000004   Data   RW         6777    .data               network.o
    0x20000b98   COMPRESSED   0x00000030   Data   RW         6778    .data               network.o
    0x20000bc8   COMPRESSED   0x00000010   Data   RW         6779    .data               network.o
    0x20000bd8   COMPRESSED   0x00000004   Data   RW         6780    .data               network.o
    0x20000bdc   COMPRESSED   0x00000004   Data   RW         6781    .data               network.o
    0x20000be0   COMPRESSED   0x00000004   Data   RW         6782    .data               network.o
    0x20000be4   COMPRESSED   0x00000004   Data   RW         6783    .data               network.o
    0x20000be8   COMPRESSED   0x00000030   Data   RW         6784    .data               network.o
    0x20000c18   COMPRESSED   0x00000004   Data   RW         6785    .data               network.o
    0x20000c1c   COMPRESSED   0x00000004   Data   RW         6786    .data               network.o
    0x20000c20   COMPRESSED   0x0000000c   Data   RW         6787    .data               network.o
    0x20000c2c   COMPRESSED   0x00000008   Data   RW         6788    .data               network.o
    0x20000c34   COMPRESSED   0x00000030   Data   RW         6789    .data               network.o
    0x20000c64   COMPRESSED   0x00000004   Data   RW         6790    .data               network.o
    0x20000c68   COMPRESSED   0x00000004   Data   RW         6791    .data               network.o
    0x20000c6c   COMPRESSED   0x00000004   Data   RW         6792    .data               network.o
    0x20000c70   COMPRESSED   0x00000004   Data   RW         6793    .data               network.o
    0x20000c74   COMPRESSED   0x00000030   Data   RW         6794    .data               network.o
    0x20000ca4   COMPRESSED   0x00000004   Data   RW         6795    .data               network.o
    0x20000ca8   COMPRESSED   0x00000004   Data   RW         6796    .data               network.o
    0x20000cac   COMPRESSED   0x0000000c   Data   RW         6797    .data               network.o
    0x20000cb8   COMPRESSED   0x00000004   Data   RW         6798    .data               network.o
    0x20000cbc   COMPRESSED   0x00000030   Data   RW         6799    .data               network.o
    0x20000cec   COMPRESSED   0x00000010   Data   RW         6800    .data               network.o
    0x20000cfc   COMPRESSED   0x00000004   Data   RW         6801    .data               network.o
    0x20000d00   COMPRESSED   0x00000004   Data   RW         6802    .data               network.o
    0x20000d04   COMPRESSED   0x00000004   Data   RW         6803    .data               network.o
    0x20000d08   COMPRESSED   0x00000004   Data   RW         6804    .data               network.o
    0x20000d0c   COMPRESSED   0x00000030   Data   RW         6805    .data               network.o
    0x20000d3c   COMPRESSED   0x00000004   Data   RW         6806    .data               network.o
    0x20000d40   COMPRESSED   0x00000004   Data   RW         6807    .data               network.o
    0x20000d44   COMPRESSED   0x0000000c   Data   RW         6808    .data               network.o
    0x20000d50   COMPRESSED   0x00000008   Data   RW         6809    .data               network.o
    0x20000d58   COMPRESSED   0x00000030   Data   RW         6810    .data               network.o
    0x20000d88   COMPRESSED   0x00000010   Data   RW         6811    .data               network.o
    0x20000d98   COMPRESSED   0x00000008   Data   RW         6812    .data               network.o
    0x20000da0   COMPRESSED   0x00000004   Data   RW         6813    .data               network.o
    0x20000da4   COMPRESSED   0x00000004   Data   RW         6814    .data               network.o
    0x20000da8   COMPRESSED   0x00000004   Data   RW         6815    .data               network.o
    0x20000dac   COMPRESSED   0x00000030   Data   RW         6816    .data               network.o
    0x20000ddc   COMPRESSED   0x00000008   Data   RW         6817    .data               network.o
    0x20000de4   COMPRESSED   0x00000004   Data   RW         6818    .data               network.o
    0x20000de8   COMPRESSED   0x00000004   Data   RW         6819    .data               network.o
    0x20000dec   COMPRESSED   0x00000004   Data   RW         6820    .data               network.o
    0x20000df0   COMPRESSED   0x00000030   Data   RW         6821    .data               network.o
    0x20000e20   COMPRESSED   0x00000010   Data   RW         6822    .data               network.o
    0x20000e30   COMPRESSED   0x0000001c   Data   RW         6823    .data               network.o
    0x20000e4c   COMPRESSED   0x00000010   Data   RW         6824    .data               network.o
    0x20000e5c   COMPRESSED   0x0000001c   Data   RW         6825    .data               network.o
    0x20000e78   COMPRESSED   0x00000004   Data   RW         6826    .data               network.o
    0x20000e7c   COMPRESSED   0x00000008   Data   RW         6827    .data               network.o
    0x20000e84   COMPRESSED   0x0000000c   Data   RW         6828    .data               network.o
    0x20000e90   COMPRESSED   0x00000004   Data   RW         6829    .data               network.o
    0x20000e94   COMPRESSED   0x00000008   Data   RW         6830    .data               network.o
    0x20000e9c   COMPRESSED   0x0000000c   Data   RW         6831    .data               network.o
    0x20000ea8   COMPRESSED   0x00000018   Data   RW         6832    .data               network.o
    0x20000ec0   COMPRESSED   0x00000394   Data   RW         6833    .data               network.o
    0x20001254   COMPRESSED   0x0000001c   Data   RW         6834    .data               network.o
    0x20001270   COMPRESSED   0x0000001c   Data   RW         6835    .data               network.o
    0x2000128c   COMPRESSED   0x0000001c   Data   RW         6836    .data               network.o
    0x200012a8   COMPRESSED   0x0000001c   Data   RW         6837    .data               network.o
    0x200012c4   COMPRESSED   0x0000001c   Data   RW         6838    .data               network.o
    0x200012e0   COMPRESSED   0x0000001c   Data   RW         6839    .data               network.o
    0x200012fc   COMPRESSED   0x0000001c   Data   RW         6840    .data               network.o
    0x20001318   COMPRESSED   0x0000001c   Data   RW         6841    .data               network.o
    0x20001334   COMPRESSED   0x0000001c   Data   RW         6842    .data               network.o
    0x20001350   COMPRESSED   0x0000001c   Data   RW         6843    .data               network.o
    0x2000136c   COMPRESSED   0x0000001c   Data   RW         6844    .data               network.o
    0x20001388   COMPRESSED   0x0000001c   Data   RW         6845    .data               network.o
    0x200013a4   COMPRESSED   0x0000001c   Data   RW         6846    .data               network.o
    0x200013c0   COMPRESSED   0x0000001c   Data   RW         6847    .data               network.o
    0x200013dc   COMPRESSED   0x0000001c   Data   RW         6848    .data               network.o
    0x200013f8   COMPRESSED   0x0000001c   Data   RW         6849    .data               network.o
    0x20001414   COMPRESSED   0x0000001c   Data   RW         6850    .data               network.o
    0x20001430   COMPRESSED   0x0000001c   Data   RW         6851    .data               network.o
    0x2000144c   COMPRESSED   0x0000001c   Data   RW         6852    .data               network.o
    0x20001468   COMPRESSED   0x0000001c   Data   RW         6853    .data               network.o
    0x20001484   COMPRESSED   0x0000001c   Data   RW         6854    .data               network.o
    0x200014a0   COMPRESSED   0x0000001c   Data   RW         6855    .data               network.o
    0x200014bc   COMPRESSED   0x0000001c   Data   RW         6856    .data               network.o
    0x200014d8   COMPRESSED   0x0000001c   Data   RW         6857    .data               network.o
    0x200014f4   COMPRESSED   0x0000001c   Data   RW         6858    .data               network.o
    0x20001510   COMPRESSED   0x0000001c   Data   RW         6859    .data               network.o
    0x2000152c   COMPRESSED   0x0000001c   Data   RW         6860    .data               network.o
    0x20001548   COMPRESSED   0x0000001c   Data   RW         6861    .data               network.o
    0x20001564   COMPRESSED   0x0000001c   Data   RW         6862    .data               network.o
    0x20001580   COMPRESSED   0x0000001c   Data   RW         6863    .data               network.o
    0x2000159c   COMPRESSED   0x0000001c   Data   RW         6864    .data               network.o
    0x200015b8   COMPRESSED   0x0000001c   Data   RW         6865    .data               network.o
    0x200015d4   COMPRESSED   0x0000001c   Data   RW         6866    .data               network.o
    0x200015f0   COMPRESSED   0x0000001c   Data   RW         6867    .data               network.o
    0x2000160c   COMPRESSED   0x0000001c   Data   RW         6868    .data               network.o
    0x20001628   COMPRESSED   0x0000001c   Data   RW         6869    .data               network.o
    0x20001644   COMPRESSED   0x0000001c   Data   RW         6870    .data               network.o
    0x20001660   COMPRESSED   0x0000001c   Data   RW         6871    .data               network.o
    0x2000167c   COMPRESSED   0x0000001c   Data   RW         6872    .data               network.o
    0x20001698   COMPRESSED   0x0000001c   Data   RW         6873    .data               network.o
    0x200016b4   COMPRESSED   0x0000001c   Data   RW         6874    .data               network.o
    0x200016d0   COMPRESSED   0x0000001c   Data   RW         6875    .data               network.o
    0x200016ec   COMPRESSED   0x0000001c   Data   RW         6876    .data               network.o
    0x20001708   COMPRESSED   0x0000001c   Data   RW         6877    .data               network.o
    0x20001724   COMPRESSED   0x0000001c   Data   RW         6878    .data               network.o
    0x20001740   COMPRESSED   0x0000001c   Data   RW         6879    .data               network.o
    0x2000175c   COMPRESSED   0x0000001c   Data   RW         6880    .data               network.o
    0x20001778   COMPRESSED   0x0000001c   Data   RW         6881    .data               network.o
    0x20001794   COMPRESSED   0x0000001c   Data   RW         6882    .data               network.o
    0x200017b0   COMPRESSED   0x0000001c   Data   RW         6883    .data               network.o
    0x200017cc   COMPRESSED   0x0000001c   Data   RW         6884    .data               network.o
    0x200017e8   COMPRESSED   0x0000001c   Data   RW         6885    .data               network.o
    0x20001804   COMPRESSED   0x0000001c   Data   RW         6886    .data               network.o
    0x20001820   COMPRESSED   0x0000001c   Data   RW         6887    .data               network.o
    0x2000183c   COMPRESSED   0x00000020   Data   RW         6888    .data               network.o
    0x2000185c   COMPRESSED   0x00000024   Data   RW         6889    .data               network.o
    0x20001880   COMPRESSED   0x0000001c   Data   RW         6890    .data               network.o
    0x2000189c   COMPRESSED   0x00000024   Data   RW         6891    .data               network.o
    0x200018c0   COMPRESSED   0x00000060   Data   RW         6892    .data               network.o
    0x20001920   COMPRESSED   0x00000020   Data   RW         6893    .data               network.o
    0x20001940   COMPRESSED   0x00000044   Data   RW         6894    .data               network.o
    0x20001984   COMPRESSED   0x00000020   Data   RW         6895    .data               network.o
    0x200019a4   COMPRESSED   0x00000044   Data   RW         6896    .data               network.o
    0x200019e8   COMPRESSED   0x00000020   Data   RW         6897    .data               network.o
    0x20001a08   COMPRESSED   0x00000044   Data   RW         6898    .data               network.o
    0x20001a4c   COMPRESSED   0x00000020   Data   RW         6899    .data               network.o
    0x20001a6c   COMPRESSED   0x00000044   Data   RW         6900    .data               network.o
    0x20001ab0   COMPRESSED   0x00000020   Data   RW         6901    .data               network.o
    0x20001ad0   COMPRESSED   0x00000044   Data   RW         6902    .data               network.o
    0x20001b14   COMPRESSED   0x00000020   Data   RW         6903    .data               network.o
    0x20001b34   COMPRESSED   0x00000044   Data   RW         6904    .data               network.o
    0x20001b78   COMPRESSED   0x00000020   Data   RW         6905    .data               network.o
    0x20001b98   COMPRESSED   0x00000044   Data   RW         6906    .data               network.o
    0x20001bdc   COMPRESSED   0x00000020   Data   RW         6907    .data               network.o
    0x20001bfc   COMPRESSED   0x00000044   Data   RW         6908    .data               network.o
    0x20001c40   COMPRESSED   0x00000024   Data   RW         6909    .data               network.o
    0x20001c64   COMPRESSED   0x00000024   Data   RW         6910    .data               network.o
    0x20001c88   COMPRESSED   0x00000010   Data   RW         7149    .data               network_data.o
    0x20001c98   COMPRESSED   0x00000010   Data   RW         7150    .data               network_data.o
    0x20001ca8   COMPRESSED   0x0000001c   Data   RW         7151    .data               network_data.o
    0x20001cc4   COMPRESSED   0x0000001c   Data   RW         7152    .data               network_data.o
    0x20001ce0   COMPRESSED   0x00000004   Data   RW         9679    .data               mc_w.l(stdout.o)
    0x20001ce4   COMPRESSED   0x00000004   Data   RW         9721    .data               mc_w.l(errno.o)
    0x20001ce8        -       0x00000150   Zero   RW          315    .bss                i2s.o
    0x20001e38        -       0x00000058   Zero   RW          362    .bss                spi.o
    0x20001e90        -       0x00000048   Zero   RW          404    .bss                usart.o
    0x20001ed8        -       0x00000048   Zero   RW          552    .bss                stm32f4xx_hal_timebase_tim.o
    0x20001f20        -       0x00001540   Zero   RW          614    .bss                inmp441.o
    0x20003460        -       0x00000800   Zero   RW          778    .bss                speaker.o
    0x20003c60        -       0x00000100   Zero   RW          854    .bss                uart_cli.o
    0x20003d60        -       0x0000017c   Zero   RW         1107    .bss                user_kwsinfertask.o
    0x20003edc        -       0x00005100   Zero   RW         1108    .bss                user_kwsinfertask.o
    0x20008fdc        -       0x00000040   Zero   RW         4569    .bss                queue.o
    0x2000901c        -       0x000004c4   Zero   RW         4993    .bss                tasks.o
    0x200094e0        -       0x00000118   Zero   RW         5324    .bss                timers.o
    0x200095f8        -       0x000006b8   Zero   RW         5537    .bss                cmsis_os2.o
    0x20009cb0        -       0x00003c00   Zero   RW         5977    .bss                heap_4.o
    0x2000d8b0        -       0x000040b4   Zero   RW         6172    .bss                fbank.o
    0x20011964        -       0x00000010   Zero   RW         6558    .bss                network.o
    0x20011974        -       0x00000010   Zero   RW         6559    .bss                network.o
    0x20011984        -       0x00000010   Zero   RW         6560    .bss                network.o
    0x20011994        -       0x00000010   Zero   RW         6561    .bss                network.o
    0x200119a4        -       0x00000010   Zero   RW         6562    .bss                network.o
    0x200119b4        -       0x0000001c   Zero   RW         6563    .bss                network.o
    0x200119d0        -       0x00000010   Zero   RW         6564    .bss                network.o
    0x200119e0        -       0x0000001c   Zero   RW         6565    .bss                network.o
    0x200119fc        -       0x00000010   Zero   RW         6566    .bss                network.o
    0x20011a0c   COMPRESSED   0x00000004   PAD
    0x20011a10        -       0x00000800   Zero   RW            1    STACK               startup_stm32f407xx.o


==============================================================================

Image component sizes


      Code (inc. data)   RO Data    RW Data    ZI Data      Debug   Object Name

       326         22          0          4       1720      58611   cmsis_os2.o
        60          4          0          0          0        786   dma.o
         0          0          0          0          0      19460   event_groups.o
       308         52          0          8      16564       2648   fbank.o
       420         10          0          0          0      21286   feature_extraction.o
        44         12         48          4          0       1765   freertos.o
       176         14          0          0          0       1007   gpio.o
       496         36          0         32      15360       6076   heap_4.o
       496         54          0          0        336       2640   i2s.o
       180         30          0          8       5440       3153   inmp441.o
       138          0          0          0          0       3558   list.o
       260         16          0          0          0     720405   main.o
       818         66          0          0          0       6313   mel_filterbank.o
      1076         62        204       7072        168      70242   network.o
        40          4        104         88          0      15737   network_data.o
         0          0      88456          0          0      15170   network_data_params.o
       716         30       1520          0          0       7684   oled.o
       786         82          0         12          0      11529   port.o
      2112         24          0          0         64      21688   queue.o
       280         36          0          8       2048      17237   speaker.o
       172         20          0          0         88       1697   spi.o
        36          8        392          0       2048        836   startup_stm32f407xx.o
       116         18          0         12          0       8730   stm32f4xx_hal.o
       158         14          0          0          0      33038   stm32f4xx_hal_cortex.o
      1084         16          8          0          0       7366   stm32f4xx_hal_dma.o
       522         46          0          0          0       2845   stm32f4xx_hal_gpio.o
      1150         44          0          0          0       8597   stm32f4xx_hal_i2s.o
       694         24          0          0          0       3755   stm32f4xx_hal_i2s_ex.o
        56          4          0          0          0        870   stm32f4xx_hal_msp.o
      1412         86          0          0          0       5933   stm32f4xx_hal_rcc.o
       412         38          0          0          0       2281   stm32f4xx_hal_rcc_ex.o
      1770         16          0          0          0       8430   stm32f4xx_hal_spi.o
       740         72          0          0          0       7524   stm32f4xx_hal_tim.o
         4          0          0          0          0       1641   stm32f4xx_hal_tim_ex.o
       152         20          0          0         72       1487   stm32f4xx_hal_timebase_tim.o
      1654         14          0          0          0      10903   stm32f4xx_hal_uart.o
        60         24          0          0          0       4707   stm32f4xx_it.o
       972          0          0          0          0      23730   stream_buffer.o
        16          4         24          4          0       1135   system_stm32f4xx.o
      3508        292          0         60       1220      38428   tasks.o
       972         80          0         20        280      21735   timers.o
      1484        756        155          9        256      23889   uart_cli.o
       180         22          0          0         72       1730   usart.o
       116         24          0          4          0      20303   user_audiofbanktask.o
       408         78          4         20      21116       3791   user_kwsinfertask.o
       524        222          0          4          0       2824   user_oleddisplaytask.o
        40          4          0          0          0        554   user_speakertask.o
       232         46        252         20          0       5893   user_tasksinit.o
       244         78          0          0          0        814   user_usartclitask.o
       576         74          0          0          0       5652   w25qxx.o
       340         66          0          0          0       1701   window.o

    ----------------------------------------------------------------------
     28590       2764      91204       7392      66856    1269814   Object Totals
         0          0         32          0          0          0   (incl. Generated)
        54          0          5          3          4          0   (incl. Padding)

    ----------------------------------------------------------------------

      Code (inc. data)   RO Data    RW Data    ZI Data      Debug   Library Member Name

       402         52          0          0          0        488   ai_datatypes_format.o
        52          6          0          0          0        232   ai_datatypes_internal.o
       162          0          0          0          0        812   ai_math_helpers.o
       158          8          0          0          0        368   ai_platform.o
      2212         76        104          0          0       2764   ai_platform_interface.o
        42          0          0          0          0        348   core_common.o
       448          4         28          0          0        276   core_utils.o
      1976         16          0          0          0        896   forward_lite_conv2d_if32of32wf32.o
       424          4          0          0          0        148   forward_lite_pool_f32.o
       226          6          0          0          0        628   layers.o
      1992          6          0          0          0        932   layers_conv2d_generic_float.o
       950         16        640          0          0        408   layers_generic_float.o
       456         12          0          0          0        652   layers_nl_generic_float.o
      1460         28          0          0          0        992   lite_dense_if32.o
        52          6          0          0          0        116   lite_nl_generic_float.o
       172          4          0          0          0        116   lite_nl_relu_if32of32.o
       144          0          0          0          0        132   st_int8_fill.o
        68          0          0          0          0       1792   arm_bitreversal2.o
      1652          0          0          0          0       7236   arm_cfft_f32.o
       180          0          0          0          0       1283   arm_cfft_init_f32.o
      1458          4          0          0          0       5452   arm_cfft_radix8_f32.o
       178          0          0          0          0       1264   arm_cmplx_mag_squared_f32.o
         0          0     119768          0          0       6294   arm_common_tables.o
         0          0        144          0          0       4820   arm_const_structs.o
       142          0          0          0          0       1127   arm_mult_f32.o
       430          0          0          0          0       3280   arm_rfft_fast_f32.o
       466          0          0          0          0       3844   arm_rfft_fast_init_f32.o
       200         20          0          0          0        164   cos.o
       368         46         48          0          0        200   cos_i.o
        84         16          0          0          0        372   dunder.o
       488         62         48          0          0        236   expf.o
        24          0          0          0          0        124   fabs.o
        48          0          0          0          0        124   fpclassify.o
        38          0          0          0          0        116   fpclassifyf.o
        74         24          0          0          0        580   funder.o
       384         52         64          0          0        140   log10f.o
       364         44         64          0          0        140   logf.o
       248          0          0          0          0        152   poly.o
      1080        142        200          0          0        188   rred.o
       304         24         40          0          0        208   sin_i.o
        86          0          0          0          0          0   __dczerorl2.o
        28          0          0          0          0         68   _chval.o
       158          0          0          0          0         92   _strtoul.o
         8          4        133          0          0         68   ctype_o.o
         0          0          0          0          0          0   entry.o
         0          0          0          0          0          0   entry10a.o
         0          0          0          0          0          0   entry11a.o
         8          4          0          0          0          0   entry2.o
         4          0          0          0          0          0   entry5.o
         0          0          0          0          0          0   entry7b.o
         0          0          0          0          0          0   entry8b.o
         8          4          0          0          0          0   entry9a.o
        20         10          0          4          0        136   errno.o
        30          0          0          0          0          0   handlers.o
        36          8          0          0          0         68   init.o
         0          0          0          0          0          0   iusefp.o
        30          0          0          0          0         68   llshl.o
        36          0          0          0          0         68   llsshr.o
        32          0          0          0          0         68   llushr.o
        26          0          0          0          0         80   memcmp.o
        64          0          0          0          0         76   memmovea.o
        36          0          0          0          0        108   memseta.o
      2328         94          0          0          0        604   printfa.o
         0          0          0          4          0          0   stdout.o
        28          0          0          0          0         76   strcmp.o
        14          0          0          0          0         68   strlen.o
        30          0          0          0          0         80   strncmp.o
       114          0          0          0          0         92   strtoul.o
        44          0          0          0          0         80   uidiv.o
        98          0          0          0          0         92   uldiv.o
        48          0          0          0          0         68   cdrcmple.o
        56          0          0          0          0         88   d2f.o
       334          0          0          0          0        148   dadd.o
       222          0          0          0          0        100   ddiv.o
       186          0          0          0          0        176   depilogue.o
        62          0          0          0          0         80   dfixi.o
        48          0          0          0          0         68   dfixul.o
        34          0          0          0          0         76   dflti.o
        26          0          0          0          0         76   dfltui.o
       228          0          0          0          0         96   dmul.o
        38          0          0          0          0         68   f2d.o
       110          0          0          0          0        168   fepilogue.o

    ----------------------------------------------------------------------
     24310        810     121288          8          0      52648   Library Totals
        46          8          7          0          0          0   (incl. Padding)

    ----------------------------------------------------------------------

      Code (inc. data)   RO Data    RW Data    ZI Data      Debug   Library Name

     11328        244        772          0          0      10308   NetworkRuntime1020_CM4_Keil.lib
      4574          4     119912          0          0      36392   arm_cortexM4lf_math.lib
      3704        430        464          0          0       2744   m_wm.l
      3266        124        133          8          0       1992   mc_w.l
      1392          0          0          0          0       1212   mf_w.l

    ----------------------------------------------------------------------
     24310        810     121288          8          0      52648   Library Totals

    ----------------------------------------------------------------------

==============================================================================


      Code (inc. data)   RO Data    RW Data    ZI Data      Debug   

     52900       3574     212492       7400      66856    1286018   Grand Totals
     52900       3574     212492       2008      66856    1286018   ELF Image Totals (compressed)
     52900       3574     212492       2008          0          0   ROM Totals

==============================================================================

    Total RO  Size (Code + RO Data)               265392 ( 259.17kB)
    Total RW  Size (RW Data + ZI Data)             74256 (  72.52kB)
    Total ROM Size (Code + RO Data + RW Data)     267400 ( 261.13kB)

==============================================================================

